Archive member included to satisfy reference by file (symbol)

g:/st/stm32cubeide_1.9.0/stm32cubeide/plugins/com.st.stm32cube.ide.mcu.externaltools.gnu-tools-for-stm32.10.3-2021.10.win32_1.0.0.202111181127/tools/bin/../lib/gcc/arm-none-eabi/10.3.1/../../../../arm-none-eabi/lib/thumb/v7e-m+fp/hard\libc_nano.a(lib_a-errno.o)
                              ./Core/Src/syscalls.o (__errno)
g:/st/stm32cubeide_1.9.0/stm32cubeide/plugins/com.st.stm32cube.ide.mcu.externaltools.gnu-tools-for-stm32.10.3-2021.10.win32_1.0.0.202111181127/tools/bin/../lib/gcc/arm-none-eabi/10.3.1/../../../../arm-none-eabi/lib/thumb/v7e-m+fp/hard\libc_nano.a(lib_a-exit.o)
                              g:/st/stm32cubeide_1.9.0/stm32cubeide/plugins/com.st.stm32cube.ide.mcu.externaltools.gnu-tools-for-stm32.10.3-2021.10.win32_1.0.0.202111181127/tools/bin/../lib/gcc/arm-none-eabi/10.3.1/../../../../arm-none-eabi/lib/thumb/v7e-m+fp/hard/crt0.o (exit)
g:/st/stm32cubeide_1.9.0/stm32cubeide/plugins/com.st.stm32cube.ide.mcu.externaltools.gnu-tools-for-stm32.10.3-2021.10.win32_1.0.0.202111181127/tools/bin/../lib/gcc/arm-none-eabi/10.3.1/../../../../arm-none-eabi/lib/thumb/v7e-m+fp/hard\libc_nano.a(lib_a-impure.o)
                              g:/st/stm32cubeide_1.9.0/stm32cubeide/plugins/com.st.stm32cube.ide.mcu.externaltools.gnu-tools-for-stm32.10.3-2021.10.win32_1.0.0.202111181127/tools/bin/../lib/gcc/arm-none-eabi/10.3.1/../../../../arm-none-eabi/lib/thumb/v7e-m+fp/hard\libc_nano.a(lib_a-exit.o) (_global_impure_ptr)
g:/st/stm32cubeide_1.9.0/stm32cubeide/plugins/com.st.stm32cube.ide.mcu.externaltools.gnu-tools-for-stm32.10.3-2021.10.win32_1.0.0.202111181127/tools/bin/../lib/gcc/arm-none-eabi/10.3.1/../../../../arm-none-eabi/lib/thumb/v7e-m+fp/hard\libc_nano.a(lib_a-init.o)
                              g:/st/stm32cubeide_1.9.0/stm32cubeide/plugins/com.st.stm32cube.ide.mcu.externaltools.gnu-tools-for-stm32.10.3-2021.10.win32_1.0.0.202111181127/tools/bin/../lib/gcc/arm-none-eabi/10.3.1/../../../../arm-none-eabi/lib/thumb/v7e-m+fp/hard/crt0.o (__libc_init_array)
g:/st/stm32cubeide_1.9.0/stm32cubeide/plugins/com.st.stm32cube.ide.mcu.externaltools.gnu-tools-for-stm32.10.3-2021.10.win32_1.0.0.202111181127/tools/bin/../lib/gcc/arm-none-eabi/10.3.1/../../../../arm-none-eabi/lib/thumb/v7e-m+fp/hard\libc_nano.a(lib_a-memcmp.o)
                              ./Libs/UProto/Src/uproto.o (memcmp)
g:/st/stm32cubeide_1.9.0/stm32cubeide/plugins/com.st.stm32cube.ide.mcu.externaltools.gnu-tools-for-stm32.10.3-2021.10.win32_1.0.0.202111181127/tools/bin/../lib/gcc/arm-none-eabi/10.3.1/../../../../arm-none-eabi/lib/thumb/v7e-m+fp/hard\libc_nano.a(lib_a-memcpy-stub.o)
                              ./Libs/UProto/Src/ulist.o (memcpy)
g:/st/stm32cubeide_1.9.0/stm32cubeide/plugins/com.st.stm32cube.ide.mcu.externaltools.gnu-tools-for-stm32.10.3-2021.10.win32_1.0.0.202111181127/tools/bin/../lib/gcc/arm-none-eabi/10.3.1/../../../../arm-none-eabi/lib/thumb/v7e-m+fp/hard\libc_nano.a(lib_a-memmove.o)
                              ./Libs/UProto/Src/uproto.o (memmove)
g:/st/stm32cubeide_1.9.0/stm32cubeide/plugins/com.st.stm32cube.ide.mcu.externaltools.gnu-tools-for-stm32.10.3-2021.10.win32_1.0.0.202111181127/tools/bin/../lib/gcc/arm-none-eabi/10.3.1/../../../../arm-none-eabi/lib/thumb/v7e-m+fp/hard\libc_nano.a(lib_a-memset.o)
                              g:/st/stm32cubeide_1.9.0/stm32cubeide/plugins/com.st.stm32cube.ide.mcu.externaltools.gnu-tools-for-stm32.10.3-2021.10.win32_1.0.0.202111181127/tools/bin/../lib/gcc/arm-none-eabi/10.3.1/../../../../arm-none-eabi/lib/thumb/v7e-m+fp/hard/crt0.o (memset)
g:/st/stm32cubeide_1.9.0/stm32cubeide/plugins/com.st.stm32cube.ide.mcu.externaltools.gnu-tools-for-stm32.10.3-2021.10.win32_1.0.0.202111181127/tools/bin/../lib/gcc/arm-none-eabi/10.3.1/../../../../arm-none-eabi/lib/thumb/v7e-m+fp/hard\libc_nano.a(lib_a-strlen.o)
                              ./Libs/UProto/Src/uproto.o (strlen)
g:/st/stm32cubeide_1.9.0/stm32cubeide/plugins/com.st.stm32cube.ide.mcu.externaltools.gnu-tools-for-stm32.10.3-2021.10.win32_1.0.0.202111181127/tools/bin/../lib/gcc/arm-none-eabi/10.3.1/thumb/v7e-m+fp/hard\libgcc.a(_aeabi_uldivmod.o)
                              ./Drivers/STM32F4xx_HAL_Driver/Src/stm32f4xx_hal_rcc.o (__aeabi_uldivmod)
g:/st/stm32cubeide_1.9.0/stm32cubeide/plugins/com.st.stm32cube.ide.mcu.externaltools.gnu-tools-for-stm32.10.3-2021.10.win32_1.0.0.202111181127/tools/bin/../lib/gcc/arm-none-eabi/10.3.1/thumb/v7e-m+fp/hard\libgcc.a(_udivmoddi4.o)
                              g:/st/stm32cubeide_1.9.0/stm32cubeide/plugins/com.st.stm32cube.ide.mcu.externaltools.gnu-tools-for-stm32.10.3-2021.10.win32_1.0.0.202111181127/tools/bin/../lib/gcc/arm-none-eabi/10.3.1/thumb/v7e-m+fp/hard\libgcc.a(_aeabi_uldivmod.o) (__udivmoddi4)
g:/st/stm32cubeide_1.9.0/stm32cubeide/plugins/com.st.stm32cube.ide.mcu.externaltools.gnu-tools-for-stm32.10.3-2021.10.win32_1.0.0.202111181127/tools/bin/../lib/gcc/arm-none-eabi/10.3.1/thumb/v7e-m+fp/hard\libgcc.a(_dvmd_tls.o)
[...]
Memory Configuration

Name             Origin             Length             Attributes
RAM              0x0000000020000000 0x0000000000010000 xrw
FLASH            0x0000000008000000 0x0000000000040000 xr
*default*        0x0000000000000000 0xffffffffffffffff

Linker script and memory map

LOAD g:/st/stm32cubeide_1.9.0/stm32cubeide/plugins/com.st.stm32cube.ide.mcu.externaltools.gnu-tools-for-stm32.10.3-2021.10.win32_1.0.0.202111181127/tools/bin/../lib/gcc/arm-none-eabi/10.3.1/thumb/v7e-m+fp/hard/crti.o
LOAD g:/st/stm32cubeide_1.9.0/stm32cubeide/plugins/com.st.stm32cube.ide.mcu.externaltools.gnu-tools-for-stm32.10.3-2021.10.win32_1.0.0.202111181127/tools/bin/../lib/gcc/arm-none-eabi/10.3.1/thumb/v7e-m+fp/hard/crtbegin.o
LOAD g:/st/stm32cubeide_1.9.0/stm32cubeide/plugins/com.st.stm32cube.ide.mcu.externaltools.gnu-tools-for-stm32.10.3-2021.10.win32_1.0.0.202111181127/tools/bin/../lib/gcc/arm-none-eabi/10.3.1/../../../../arm-none-eabi/lib/thumb/v7e-m+fp/hard/crt0.o
LOAD ./Core/Src/freertos.o
LOAD ./Core/Src/main.o
LOAD ./Core/Src/stm32f4xx_hal_msp.o
LOAD ./Core/Src/stm32f4xx_it.o
LOAD ./Core/Src/syscalls.o
LOAD ./Core/Src/sysmem.o
LOAD ./Core/Src/system_stm32f4xx.o
LOAD ./Core/Startup/startup_stm32f401ccux.o
LOAD ./Drivers/STM32F4xx_HAL_Driver/Src/stm32f4xx_hal.o
LOAD ./Drivers/STM32F4xx_HAL_Driver/Src/stm32f4xx_hal_cortex.o
LOAD ./Drivers/STM32F4xx_HAL_Driver/Src/stm32f4xx_hal_dma.o
LOAD ./Drivers/STM32F4xx_HAL_Driver/Src/stm32f4xx_hal_dma_ex.o
LOAD ./Drivers/STM32F4xx_HAL_Driver/Src/stm32f4xx_hal_exti.o
LOAD ./Drivers/STM32F4xx_HAL_Driver/Src/stm32f4xx_hal_flash.o
LOAD ./Drivers/STM32F4xx_HAL_Driver/Src/stm32f4xx_hal_flash_ex.o
LOAD ./Drivers/STM32F4xx_HAL_Driver/Src/stm32f4xx_hal_flash_ramfunc.o
LOAD ./Drivers/STM32F4xx_HAL_Driver/Src/stm32f4xx_hal_gpio.o
LOAD ./Drivers/STM32F4xx_HAL_Driver/Src/stm32f4xx_hal_pwr.o
LOAD ./Drivers/STM32F4xx_HAL_Driver/Src/stm32f4xx_hal_pwr_ex.o
LOAD ./Drivers/STM32F4xx_HAL_Driver/Src/stm32f4xx_hal_rcc.o
LOAD ./Drivers/STM32F4xx_HAL_Driver/Src/stm32f4xx_hal_rcc_ex.o
LOAD ./Drivers/STM32F4xx_HAL_Driver/Src/stm32f4xx_hal_tim.o
LOAD ./Drivers/STM32F4xx_HAL_Driver/Src/stm32f4xx_hal_tim_ex.o
LOAD ./Drivers/STM32F4xx_HAL_Driver/Src/stm32f4xx_hal_uart.o
LOAD ./Libs/UProto/Src/ulist.o
LOAD ./Libs/UProto/Src/uproto.o
LOAD ./Middlewares/Third_Party/FreeRTOS/Source/CMSIS_RTOS_V2/cmsis_os2.o
LOAD ./Middlewares/Third_Party/FreeRTOS/Source/croutine.o
LOAD ./Middlewares/Third_Party/FreeRTOS/Source/event_groups.o
LOAD ./Middlewares/Third_Party/FreeRTOS/Source/list.o
LOAD ./Middlewares/Third_Party/FreeRTOS/Source/queue.o
LOAD ./Middlewares/Third_Party/FreeRTOS/Source/stream_buffer.o
LOAD ./Middlewares/Third_Party/FreeRTOS/Source/tasks.o
LOAD ./Middlewares/Third_Party/FreeRTOS/Source/timers.o
LOAD ./Middlewares/Third_Party/FreeRTOS/Source/portable/GCC/ARM_CM4F/port.o
LOAD ./Middlewares/Third_Party/FreeRTOS/Source/portable/MemMang/heap_4.o
START GROUP
LOAD g:/st/stm32cubeide_1.9.0/stm32cubeide/plugins/com.st.stm32cube.ide.mcu.externaltools.gnu-tools-for-stm32.10.3-2021.10.win32_1.0.0.202111181127/tools/bin/../lib/gcc/arm-none-eabi/10.3.1/../../../../arm-none-eabi/lib/thumb/v7e-m+fp/hard\libc_nano.a
LOAD g:/st/stm32cubeide_1.9.0/stm32cubeide/plugins/com.st.stm32cube.ide.mcu.externaltools.gnu-tools-for-stm32.10.3-2021.10.win32_1.0.0.202111181127/tools/bin/../lib/gcc/arm-none-eabi/10.3.1/../../../../arm-none-eabi/lib/thumb/v7e-m+fp/hard\libm.a
END GROUP
START GROUP
LOAD g:/st/stm32cubeide_1.9.0/stm32cubeide/plugins/com.st.stm32cube.ide.mcu.externaltools.gnu-tools-for-stm32.10.3-2021.10.win32_1.0.0.202111181127/tools/bin/../lib/gcc/arm-none-eabi/10.3.1/thumb/v7e-m+fp/hard\libgcc.a
LOAD g:/st/stm32cubeide_1.9.0/stm32cubeide/plugins/com.st.stm32cube.ide.mcu.externaltools.gnu-tools-for-stm32.10.3-2021.10.win32_1.0.0.202111181127/tools/bin/../lib/gcc/arm-none-eabi/10.3.1/../../../../arm-none-eabi/lib/thumb/v7e-m+fp/hard\libc_nano.a
END GROUP
START GROUP
LOAD g:/st/stm32cubeide_1.9.0/stm32cubeide/plugins/com.st.stm32cube.ide.mcu.externaltools.gnu-tools-for-stm32.10.3-2021.10.win32_1.0.0.202111181127/tools/bin/../lib/gcc/arm-none-eabi/10.3.1/thumb/v7e-m+fp/hard\libgcc.a
LOAD g:/st/stm32cubeide_1.9.0/stm32cubeide/plugins/com.st.stm32cube.ide.mcu.externaltools.gnu-tools-for-stm32.10.3-2021.10.win32_1.0.0.202111181127/tools/bin/../lib/gcc/arm-none-eabi/10.3.1/../../../../arm-none-eabi/lib/thumb/v7e-m+fp/hard\libc_nano.a
LOAD g:/st/stm32cubeide_1.9.0/stm32cubeide/plugins/com.st.stm32cube.ide.mcu.externaltools.gnu-tools-for-stm32.10.3-2021.10.win32_1.0.0.202111181127/tools/bin/../lib/gcc/arm-none-eabi/10.3.1/../../../../arm-none-eabi/lib/thumb/v7e-m+fp/hard\libnosys.a
END GROUP
START GROUP
LOAD g:/st/stm32cubeide_1.9.0/stm32cubeide/plugins/com.st.stm32cube.ide.mcu.externaltools.gnu-tools-for-stm32.10.3-2021.10.win32_1.0.0.202111181127/tools/bin/../lib/gcc/arm-none-eabi/10.3.1/thumb/v7e-m+fp/hard\libgcc.a
LOAD g:/st/stm32cubeide_1.9.0/stm32cubeide/plugins/com.st.stm32cube.ide.mcu.externaltools.gnu-tools-for-stm32.10.3-2021.10.win32_1.0.0.202111181127/tools/bin/../lib/gcc/arm-none-eabi/10.3.1/../../../../arm-none-eabi/lib/thumb/v7e-m+fp/hard\libc_nano.a
LOAD g:/st/stm32cubeide_1.9.0/stm32cubeide/plugins/com.st.stm32cube.ide.mcu.externaltools.gnu-tools-for-stm32.10.3-2021.10.win32_1.0.0.202111181127/tools/bin/../lib/gcc/arm-none-eabi/10.3.1/../../../../arm-none-eabi/lib/thumb/v7e-m+fp/hard\libnosys.a
END GROUP
LOAD g:/st/stm32cubeide_1.9.0/stm32cubeide/plugins/com.st.stm32cube.ide.mcu.externaltools.gnu-tools-for-stm32.10.3-2021.10.win32_1.0.0.202111181127/tools/bin/../lib/gcc/arm-none-eabi/10.3.1/thumb/v7e-m+fp/hard/crtend.o
LOAD g:/st/stm32cubeide_1.9.0/stm32cubeide/plugins/com.st.stm32cube.ide.mcu.externaltools.gnu-tools-for-stm32.10.3-2021.10.win32_1.0.0.202111181127/tools/bin/../lib/gcc/arm-none-eabi/10.3.1/thumb/v7e-m+fp/hard/crtn.o
                0x0000000020010000                _estack = (ORIGIN (RAM) + LENGTH (RAM))
                0x0000000000000200                _Min_Heap_Size = 0x200
                0x0000000000000400                _Min_Stack_Size = 0x400

.isr_vector     0x0000000008000000      0x194
                0x0000000008000000                . = ALIGN (0x4)
 *(.isr_vector)
 .isr_vector    0x0000000008000000      0x194 ./Core/Startup/startup_stm32f401ccux.o
                0x0000000008000000                g_pfnVectors
                0x0000000008000194                . = ALIGN (0x4)

.text           0x00000000080001a0     0x6eac
                0x00000000080001a0                . = ALIGN (0x4)
 *(.text)
 .text          0x00000000080001a0       0x40 g:/st/stm32cubeide_1.9.0/stm32cubeide/plugins/com.st.stm32cube.ide.mcu.externaltools.gnu-tools-for-stm32.10.3-2021.10.win32_1.0.0.202111181127/tools/bin/../lib/gcc/arm-none-eabi/10.3.1/thumb/v7e-m+fp/hard/crtbegin.o
 .text          0x00000000080001e0       0x10 g:/st/stm32cubeide_1.9.0/stm32cubeide/plugins/com.st.stm32cube.ide.mcu.externaltools.gnu-tools-for-stm32.10.3-2021.10.win32_1.0.0.202111181127/tools/bin/../lib/gcc/arm-none-eabi/10.3.1/../../../../arm-none-eabi/lib/thumb/v7e-m+fp/hard\libc_nano.a(lib_a-strlen.o)
                0x00000000080001e0                strlen
 .text          0x00000000080001f0       0x30 g:/st/stm32cubeide_1.9.0/stm32cubeide/plugins/com.st.stm32cube.ide.mcu.externaltools.gnu-tools-for-stm32.10.3-2021.10.win32_1.0.0.202111181127/tools/bin/../lib/gcc/arm-none-eabi/10.3.1/thumb/v7e-m+fp/hard\libgcc.a(_aeabi_uldivmod.o)
                0x00000000080001f0                __aeabi_uldivmod
 .text          0x0000000008000220      0x2d0 g:/st/stm32cubeide_1.9.0/stm32cubeide/plugins/com.st.stm32cube.ide.mcu.externaltools.gnu-tools-for-stm32.10.3-2021.10.win32_1.0.0.202111181127/tools/bin/../lib/gcc/arm-none-eabi/10.3.1/thumb/v7e-m+fp/hard\libgcc.a(_udivmoddi4.o)
                0x0000000008000220                __udivmoddi4
 .text          0x00000000080004f0        0x4 g:/st/stm32cubeide_1.9.0/stm32cubeide/plugins/com.st.stm32cube.ide.mcu.externaltools.gnu-tools-for-stm32.10.3-2021.10.win32_1.0.0.202111181127/tools/bin/../lib/gcc/arm-none-eabi/10.3.1/thumb/v7e-m+fp/hard\libgcc.a(_dvmd_tls.o)
                0x00000000080004f0                __aeabi_idiv0
                0x00000000080004f0                __aeabi_ldiv0
 *(.text*)
 .text.configureTimerForRunTimeStats
                0x00000000080004f4        0xe ./Core/Src/freertos.o
                0x00000000080004f4                configureTimerForRunTimeStats
 .text.getRunTimeCounterValue
                0x0000000008000502       0x10 ./Core/Src/freertos.o
                0x0000000008000502                getRunTimeCounterValue
 *fill*         0x0000000008000512        0x2 
 .text.main     0x0000000008000514       0xd4 ./Core/Src/main.o
                0x0000000008000514                main
 .text.SystemClock_Config
                0x00000000080005e8       0xd4 ./Core/Src/main.o
                0x00000000080005e8                SystemClock_Config
 .text.MX_TIM1_Init
                0x00000000080006bc       0xa4 ./Core/Src/main.o
 .text.MX_USART1_UART_Init
                0x0000000008000760       0x54 ./Core/Src/main.o
 .text.MX_DMA_Init
                0x00000000080007b4       0x40 ./Core/Src/main.o
 .text.MX_GPIO_Init
                0x00000000080007f4       0xc0 ./Core/Src/main.o
 .text.PingTask
                0x00000000080008b4       0x70 ./Core/Src/main.o
                0x00000000080008b4                PingTask
 .text.SendDataTask
                0x0000000008000924       0x20 ./Core/Src/main.o
                0x0000000008000924                SendDataTask
 .text.echo_cmd
                0x0000000008000944       0x34 ./Core/Src/main.o
                0x0000000008000944                echo_cmd
 .text.led_cmd  0x0000000008000978       0x20 ./Core/Src/main.o
                0x0000000008000978                led_cmd
 .text.HAL_UART_RxCpltCallback
                0x0000000008000998       0x20 ./Core/Src/main.o
                0x0000000008000998                HAL_UART_RxCpltCallback
 .text.HAL_UART_TxCpltCallback
                0x00000000080009b8       0x20 ./Core/Src/main.o
                0x00000000080009b8                HAL_UART_TxCpltCallback
 .text.StartDefaultTask
                0x00000000080009d8       0x20 ./Core/Src/main.o
                0x00000000080009d8                StartDefaultTask
 .text.Error_Handler
                0x00000000080009f8        0xa ./Core/Src/main.o
                0x00000000080009f8                Error_Handler
 *fill*         0x0000000008000a02        0x2 
 .text.HAL_MspInit
                0x0000000008000a04       0x58 ./Core/Src/stm32f4xx_hal_msp.o
                0x0000000008000a04                HAL_MspInit
 .text.HAL_TIM_Base_MspInit
                0x0000000008000a5c       0x50 ./Core/Src/stm32f4xx_hal_msp.o
                0x0000000008000a5c                HAL_TIM_Base_MspInit
 .text.HAL_UART_MspInit
                0x0000000008000aac      0x104 ./Core/Src/stm32f4xx_hal_msp.o
                0x0000000008000aac                HAL_UART_MspInit
 .text.NMI_Handler
                0x0000000008000bb0        0x6 ./Core/Src/stm32f4xx_it.o
                0x0000000008000bb0                NMI_Handler
 .text.HardFault_Handler
                0x0000000008000bb6        0x6 ./Core/Src/stm32f4xx_it.o
                0x0000000008000bb6                HardFault_Handler
 .text.MemManage_Handler
                0x0000000008000bbc        0x6 ./Core/Src/stm32f4xx_it.o
                0x0000000008000bbc                MemManage_Handler
 .text.BusFault_Handler
                0x0000000008000bc2        0x6 ./Core/Src/stm32f4xx_it.o
                0x0000000008000bc2                BusFault_Handler
 .text.UsageFault_Handler
                0x0000000008000bc8        0x6 ./Core/Src/stm32f4xx_it.o
                0x0000000008000bc8                UsageFault_Handler
 .text.DebugMon_Handler
                0x0000000008000bce        0xe ./Core/Src/stm32f4xx_it.o
                0x0000000008000bce                DebugMon_Handler
 .text.SysTick_Handler
                0x0000000008000bdc       0x1a ./Core/Src/stm32f4xx_it.o
                0x0000000008000bdc                SysTick_Handler
 *fill*         0x0000000008000bf6        0x2 
 .text.TIM1_UP_TIM10_IRQHandler
                0x0000000008000bf8       0x24 ./Core/Src/stm32f4xx_it.o
                0x0000000008000bf8                TIM1_UP_TIM10_IRQHandler
 .text.USART1_IRQHandler
                0x0000000008000c1c       0x14 ./Core/Src/stm32f4xx_it.o
                0x0000000008000c1c                USART1_IRQHandler
 .text.DMA2_Stream7_IRQHandler
                0x0000000008000c30       0x14 ./Core/Src/stm32f4xx_it.o
                0x0000000008000c30                DMA2_Stream7_IRQHandler
 .text.SystemInit
                0x0000000008000c44       0x24 ./Core/Src/system_stm32f4xx.o
                0x0000000008000c44                SystemInit
 .text.Reset_Handler
                0x0000000008000c68       0x50 ./Core/Startup/startup_stm32f401ccux.o
                0x0000000008000c68                Reset_Handler
 .text.Default_Handler
                0x0000000008000cb8        0x2 ./Core/Startup/startup_stm32f401ccux.o
                0x0000000008000cb8                RTC_Alarm_IRQHandler
                0x0000000008000cb8                EXTI2_IRQHandler
                0x0000000008000cb8                SPI4_IRQHandler
                0x0000000008000cb8                TIM1_CC_IRQHandler
                0x0000000008000cb8                DMA2_Stream5_IRQHandler
                0x0000000008000cb8                DMA1_Stream5_IRQHandler
                0x0000000008000cb8                PVD_IRQHandler
                0x0000000008000cb8                SDIO_IRQHandler
                0x0000000008000cb8                TAMP_STAMP_IRQHandler
                0x0000000008000cb8                EXTI3_IRQHandler
                0x0000000008000cb8                I2C3_ER_IRQHandler
                0x0000000008000cb8                EXTI0_IRQHandler
                0x0000000008000cb8                I2C2_EV_IRQHandler
                0x0000000008000cb8                DMA1_Stream2_IRQHandler
                0x0000000008000cb8                FPU_IRQHandler
                0x0000000008000cb8                DMA2_Stream2_IRQHandler
                0x0000000008000cb8                SPI1_IRQHandler
                0x0000000008000cb8                TIM1_BRK_TIM9_IRQHandler
                0x0000000008000cb8                DMA2_Stream3_IRQHandler
                0x0000000008000cb8                USART6_IRQHandler
                0x0000000008000cb8                DMA2_Stream0_IRQHandler
                0x0000000008000cb8                TIM4_IRQHandler
                0x0000000008000cb8                I2C1_EV_IRQHandler
                0x0000000008000cb8                DMA1_Stream6_IRQHandler
                0x0000000008000cb8                DMA1_Stream1_IRQHandler
                0x0000000008000cb8                TIM3_IRQHandler
                0x0000000008000cb8                RCC_IRQHandler
                0x0000000008000cb8                Default_Handler
                0x0000000008000cb8                EXTI15_10_IRQHandler
                0x0000000008000cb8                ADC_IRQHandler
                0x0000000008000cb8                DMA1_Stream7_IRQHandler
                0x0000000008000cb8                TIM5_IRQHandler
                0x0000000008000cb8                I2C3_EV_IRQHandler
                0x0000000008000cb8                EXTI9_5_IRQHandler
                0x0000000008000cb8                RTC_WKUP_IRQHandler
                0x0000000008000cb8                SPI2_IRQHandler
                0x0000000008000cb8                DMA1_Stream0_IRQHandler
                0x0000000008000cb8                EXTI4_IRQHandler
                0x0000000008000cb8                WWDG_IRQHandler
                0x0000000008000cb8                TIM2_IRQHandler
                0x0000000008000cb8                OTG_FS_WKUP_IRQHandler
                0x0000000008000cb8                TIM1_TRG_COM_TIM11_IRQHandler
                0x0000000008000cb8                EXTI1_IRQHandler
                0x0000000008000cb8                USART2_IRQHandler
                0x0000000008000cb8                I2C2_ER_IRQHandler
                0x0000000008000cb8                DMA2_Stream1_IRQHandler
                0x0000000008000cb8                FLASH_IRQHandler
                0x0000000008000cb8                DMA2_Stream4_IRQHandler
                0x0000000008000cb8                OTG_FS_IRQHandler
                0x0000000008000cb8                SPI3_IRQHandler
                0x0000000008000cb8                DMA1_Stream4_IRQHandler
                0x0000000008000cb8                I2C1_ER_IRQHandler
                0x0000000008000cb8                DMA2_Stream6_IRQHandler
                0x0000000008000cb8                DMA1_Stream3_IRQHandler
 *fill*         0x0000000008000cba        0x2 
 .text.HAL_Init
                0x0000000008000cbc       0x44 ./Drivers/STM32F4xx_HAL_Driver/Src/stm32f4xx_hal.o
                0x0000000008000cbc                HAL_Init
 .text.HAL_InitTick
                0x0000000008000d00       0x60 ./Drivers/STM32F4xx_HAL_Driver/Src/stm32f4xx_hal.o
                0x0000000008000d00                HAL_InitTick
 .text.HAL_IncTick
                0x0000000008000d60       0x28 ./Drivers/STM32F4xx_HAL_Driver/Src/stm32f4xx_hal.o
                0x0000000008000d60                HAL_IncTick
 .text.HAL_GetTick
                0x0000000008000d88       0x18 ./Drivers/STM32F4xx_HAL_Driver/Src/stm32f4xx_hal.o
                0x0000000008000d88                HAL_GetTick
 .text.__NVIC_SetPriorityGrouping
                0x0000000008000da0       0x48 ./Drivers/STM32F4xx_HAL_Driver/Src/stm32f4xx_hal_cortex.o
 .text.__NVIC_GetPriorityGrouping
                0x0000000008000de8       0x1c ./Drivers/STM32F4xx_HAL_Driver/Src/stm32f4xx_hal_cortex.o
 .text.__NVIC_EnableIRQ
                0x0000000008000e04       0x3c ./Drivers/STM32F4xx_HAL_Driver/Src/stm32f4xx_hal_cortex.o
 .text.__NVIC_SetPriority
                0x0000000008000e40       0x54 ./Drivers/STM32F4xx_HAL_Driver/Src/stm32f4xx_hal_cortex.o
 .text.NVIC_EncodePriority
                0x0000000008000e94       0x66 ./Drivers/STM32F4xx_HAL_Driver/Src/stm32f4xx_hal_cortex.o
 *fill*         0x0000000008000efa        0x2 
 .text.SysTick_Config
                0x0000000008000efc       0x44 ./Drivers/STM32F4xx_HAL_Driver/Src/stm32f4xx_hal_cortex.o
 .text.HAL_NVIC_SetPriorityGrouping
                0x0000000008000f40       0x16 ./Drivers/STM32F4xx_HAL_Driver/Src/stm32f4xx_hal_cortex.o
                0x0000000008000f40                HAL_NVIC_SetPriorityGrouping
 .text.HAL_NVIC_SetPriority
                0x0000000008000f56       0x38 ./Drivers/STM32F4xx_HAL_Driver/Src/stm32f4xx_hal_cortex.o
                0x0000000008000f56                HAL_NVIC_SetPriority
 .text.HAL_NVIC_EnableIRQ
                0x0000000008000f8e       0x1c ./Drivers/STM32F4xx_HAL_Driver/Src/stm32f4xx_hal_cortex.o
                0x0000000008000f8e                HAL_NVIC_EnableIRQ
 .text.HAL_SYSTICK_Config
                0x0000000008000faa       0x18 ./Drivers/STM32F4xx_HAL_Driver/Src/stm32f4xx_hal_cortex.o
                0x0000000008000faa                HAL_SYSTICK_Config
 *fill*         0x0000000008000fc2        0x2 
 .text.HAL_DMA_Init
                0x0000000008000fc4      0x15c ./Drivers/STM32F4xx_HAL_Driver/Src/stm32f4xx_hal_dma.o
                0x0000000008000fc4                HAL_DMA_Init
 .text.HAL_DMA_Start_IT
                0x0000000008001120       0xb0 ./Drivers/STM32F4xx_HAL_Driver/Src/stm32f4xx_hal_dma.o
                0x0000000008001120                HAL_DMA_Start_IT
 .text.HAL_DMA_Abort
                0x00000000080011d0       0xe0 ./Drivers/STM32F4xx_HAL_Driver/Src/stm32f4xx_hal_dma.o
                0x00000000080011d0                HAL_DMA_Abort
 .text.HAL_DMA_Abort_IT
                0x00000000080012b0       0x44 ./Drivers/STM32F4xx_HAL_Driver/Src/stm32f4xx_hal_dma.o
                0x00000000080012b0                HAL_DMA_Abort_IT
 .text.HAL_DMA_IRQHandler
                0x00000000080012f4      0x314 ./Drivers/STM32F4xx_HAL_Driver/Src/stm32f4xx_hal_dma.o
                0x00000000080012f4                HAL_DMA_IRQHandler
 .text.DMA_SetConfig
                0x0000000008001608       0x5c ./Drivers/STM32F4xx_HAL_Driver/Src/stm32f4xx_hal_dma.o
 .text.DMA_CalcBaseAndBitshift
                0x0000000008001664       0x6c ./Drivers/STM32F4xx_HAL_Driver/Src/stm32f4xx_hal_dma.o
 .text.DMA_CheckFifoParam
                0x00000000080016d0       0xf8 ./Drivers/STM32F4xx_HAL_Driver/Src/stm32f4xx_hal_dma.o
 .text.HAL_GPIO_Init
                0x00000000080017c8      0x308 ./Drivers/STM32F4xx_HAL_Driver/Src/stm32f4xx_hal_gpio.o
                0x00000000080017c8                HAL_GPIO_Init
 .text.HAL_GPIO_ReadPin
                0x0000000008001ad0       0x30 ./Drivers/STM32F4xx_HAL_Driver/Src/stm32f4xx_hal_gpio.o
                0x0000000008001ad0                HAL_GPIO_ReadPin
 .text.HAL_GPIO_WritePin
                0x0000000008001b00       0x32 ./Drivers/STM32F4xx_HAL_Driver/Src/stm32f4xx_hal_gpio.o
                0x0000000008001b00                HAL_GPIO_WritePin
 .text.HAL_GPIO_TogglePin
                0x0000000008001b32       0x34 ./Drivers/STM32F4xx_HAL_Driver/Src/stm32f4xx_hal_gpio.o
                0x0000000008001b32                HAL_GPIO_TogglePin
 *fill*         0x0000000008001b66        0x2 
 .text.HAL_RCC_OscConfig
                0x0000000008001b68      0x4f0 ./Drivers/STM32F4xx_HAL_Driver/Src/stm32f4xx_hal_rcc.o
                0x0000000008001b68                HAL_RCC_OscConfig
 .text.HAL_RCC_ClockConfig
                0x0000000008002058      0x1cc ./Drivers/STM32F4xx_HAL_Driver/Src/stm32f4xx_hal_rcc.o
                0x0000000008002058                HAL_RCC_ClockConfig
 .text.HAL_RCC_GetSysClockFreq
                0x0000000008002224      0x18c ./Drivers/STM32F4xx_HAL_Driver/Src/stm32f4xx_hal_rcc.o
                0x0000000008002224                HAL_RCC_GetSysClockFreq
 .text.HAL_RCC_GetHCLKFreq
                0x00000000080023b0       0x18 ./Drivers/STM32F4xx_HAL_Driver/Src/stm32f4xx_hal_rcc.o
                0x00000000080023b0                HAL_RCC_GetHCLKFreq
 .text.HAL_RCC_GetPCLK1Freq
                0x00000000080023c8       0x28 ./Drivers/STM32F4xx_HAL_Driver/Src/stm32f4xx_hal_rcc.o
                0x00000000080023c8                HAL_RCC_GetPCLK1Freq
 .text.HAL_RCC_GetPCLK2Freq
                0x00000000080023f0       0x28 ./Drivers/STM32F4xx_HAL_Driver/Src/stm32f4xx_hal_rcc.o
                0x00000000080023f0                HAL_RCC_GetPCLK2Freq
 .text.HAL_TIM_Base_Init
                0x0000000008002418       0x9e ./Drivers/STM32F4xx_HAL_Driver/Src/stm32f4xx_hal_tim.o
                0x0000000008002418                HAL_TIM_Base_Init
 *fill*         0x00000000080024b6        0x2 
 .text.HAL_TIM_Base_Start_IT
                0x00000000080024b8       0xc4 ./Drivers/STM32F4xx_HAL_Driver/Src/stm32f4xx_hal_tim.o
                0x00000000080024b8                HAL_TIM_Base_Start_IT
 .text.HAL_TIM_IRQHandler
                0x000000000800257c      0x210 ./Drivers/STM32F4xx_HAL_Driver/Src/stm32f4xx_hal_tim.o
                0x000000000800257c                HAL_TIM_IRQHandler
 .text.HAL_TIM_ConfigClockSource
                0x000000000800278c      0x18e ./Drivers/STM32F4xx_HAL_Driver/Src/stm32f4xx_hal_tim.o
                0x000000000800278c                HAL_TIM_ConfigClockSource
 .text.HAL_TIM_PeriodElapsedCallback
                0x000000000800291a       0x14 ./Drivers/STM32F4xx_HAL_Driver/Src/stm32f4xx_hal_tim.o
                0x000000000800291a                HAL_TIM_PeriodElapsedCallback
 .text.HAL_TIM_OC_DelayElapsedCallback
                0x000000000800292e       0x14 ./Drivers/STM32F4xx_HAL_Driver/Src/stm32f4xx_hal_tim.o
                0x000000000800292e                HAL_TIM_OC_DelayElapsedCallback
 .text.HAL_TIM_IC_CaptureCallback
                0x0000000008002942       0x14 ./Drivers/STM32F4xx_HAL_Driver/Src/stm32f4xx_hal_tim.o
                0x0000000008002942                HAL_TIM_IC_CaptureCallback
 .text.HAL_TIM_PWM_PulseFinishedCallback
                0x0000000008002956       0x14 ./Drivers/STM32F4xx_HAL_Driver/Src/stm32f4xx_hal_tim.o
                0x0000000008002956                HAL_TIM_PWM_PulseFinishedCallback
 .text.HAL_TIM_TriggerCallback
                0x000000000800296a       0x14 ./Drivers/STM32F4xx_HAL_Driver/Src/stm32f4xx_hal_tim.o
                0x000000000800296a                HAL_TIM_TriggerCallback
 *fill*         0x000000000800297e        0x2 
 .text.TIM_Base_SetConfig
                0x0000000008002980      0x100 ./Drivers/STM32F4xx_HAL_Driver/Src/stm32f4xx_hal_tim.o
                0x0000000008002980                TIM_Base_SetConfig
 .text.TIM_TI1_ConfigInputStage
                0x0000000008002a80       0x5e ./Drivers/STM32F4xx_HAL_Driver/Src/stm32f4xx_hal_tim.o
 .text.TIM_TI2_ConfigInputStage
                0x0000000008002ade       0x60 ./Drivers/STM32F4xx_HAL_Driver/Src/stm32f4xx_hal_tim.o
 .text.TIM_ITRx_SetConfig
                0x0000000008002b3e       0x36 ./Drivers/STM32F4xx_HAL_Driver/Src/stm32f4xx_hal_tim.o
 .text.TIM_ETR_SetConfig
                0x0000000008002b74       0x40 ./Drivers/STM32F4xx_HAL_Driver/Src/stm32f4xx_hal_tim.o
                0x0000000008002b74                TIM_ETR_SetConfig
 .text.HAL_TIMEx_MasterConfigSynchronization
                0x0000000008002bb4       0xdc ./Drivers/STM32F4xx_HAL_Driver/Src/stm32f4xx_hal_tim_ex.o
                0x0000000008002bb4                HAL_TIMEx_MasterConfigSynchronization
 .text.HAL_TIMEx_CommutCallback
                0x0000000008002c90       0x14 ./Drivers/STM32F4xx_HAL_Driver/Src/stm32f4xx_hal_tim_ex.o
                0x0000000008002c90                HAL_TIMEx_CommutCallback
 .text.HAL_TIMEx_BreakCallback
                0x0000000008002ca4       0x14 ./Drivers/STM32F4xx_HAL_Driver/Src/stm32f4xx_hal_tim_ex.o
                0x0000000008002ca4                HAL_TIMEx_BreakCallback
 .text.HAL_UART_Init
                0x0000000008002cb8       0x9a ./Drivers/STM32F4xx_HAL_Driver/Src/stm32f4xx_hal_uart.o
                0x0000000008002cb8                HAL_UART_Init
 .text.HAL_UART_Receive_IT
                0x0000000008002d52       0x60 ./Drivers/STM32F4xx_HAL_Driver/Src/stm32f4xx_hal_uart.o
                0x0000000008002d52                HAL_UART_Receive_IT
 *fill*         0x0000000008002db2        0x2 
 .text.HAL_UART_Transmit_DMA
                0x0000000008002db4       0xfc ./Drivers/STM32F4xx_HAL_Driver/Src/stm32f4xx_hal_uart.o
                0x0000000008002db4                HAL_UART_Transmit_DMA
 .text.HAL_UART_IRQHandler
                0x0000000008002eb0      0x51c ./Drivers/STM32F4xx_HAL_Driver/Src/stm32f4xx_hal_uart.o
                0x0000000008002eb0                HAL_UART_IRQHandler
 .text.HAL_UART_TxHalfCpltCallback
                0x00000000080033cc       0x14 ./Drivers/STM32F4xx_HAL_Driver/Src/stm32f4xx_hal_uart.o
                0x00000000080033cc                HAL_UART_TxHalfCpltCallback
 .text.HAL_UART_ErrorCallback
                0x00000000080033e0       0x14 ./Drivers/STM32F4xx_HAL_Driver/Src/stm32f4xx_hal_uart.o
                0x00000000080033e0                HAL_UART_ErrorCallback
 .text.HAL_UARTEx_RxEventCallback
                0x00000000080033f4       0x18 ./Drivers/STM32F4xx_HAL_Driver/Src/stm32f4xx_hal_uart.o
                0x00000000080033f4                HAL_UARTEx_RxEventCallback
 .text.HAL_UART_GetState
                0x000000000800340c       0x3c ./Drivers/STM32F4xx_HAL_Driver/Src/stm32f4xx_hal_uart.o
                0x000000000800340c                HAL_UART_GetState
 .text.UART_DMATransmitCplt
                0x0000000008003448       0x9a ./Drivers/STM32F4xx_HAL_Driver/Src/stm32f4xx_hal_uart.o
 .text.UART_DMATxHalfCplt
                0x00000000080034e2       0x1c ./Drivers/STM32F4xx_HAL_Driver/Src/stm32f4xx_hal_uart.o
 .text.UART_DMAError
                0x00000000080034fe       0x94 ./Drivers/STM32F4xx_HAL_Driver/Src/stm32f4xx_hal_uart.o
 .text.UART_Start_Receive_IT
                0x0000000008003592       0x7c ./Drivers/STM32F4xx_HAL_Driver/Src/stm32f4xx_hal_uart.o
                0x0000000008003592                UART_Start_Receive_IT
 .text.UART_EndTxTransfer
                0x000000000800360e       0x50 ./Drivers/STM32F4xx_HAL_Driver/Src/stm32f4xx_hal_uart.o
 .text.UART_EndRxTransfer
                0x000000000800365e       0xc6 ./Drivers/STM32F4xx_HAL_Driver/Src/stm32f4xx_hal_uart.o
 .text.UART_DMAAbortOnError
                0x0000000008003724       0x28 ./Drivers/STM32F4xx_HAL_Driver/Src/stm32f4xx_hal_uart.o
 .text.UART_Transmit_IT
                0x000000000800374c       0xa0 ./Drivers/STM32F4xx_HAL_Driver/Src/stm32f4xx_hal_uart.o
 .text.UART_EndTransmit_IT
                0x00000000080037ec       0x30 ./Drivers/STM32F4xx_HAL_Driver/Src/stm32f4xx_hal_uart.o
 .text.UART_Receive_IT
                0x000000000800381c      0x176 ./Drivers/STM32F4xx_HAL_Driver/Src/stm32f4xx_hal_uart.o
 *fill*         0x0000000008003992        0x2 
 .text.UART_SetConfig
                0x0000000008003994      0x4e8 ./Drivers/STM32F4xx_HAL_Driver/Src/stm32f4xx_hal_uart.o
 .text.MyListInit
                0x0000000008003e7c       0x22 ./Libs/UProto/Src/ulist.o
                0x0000000008003e7c                MyListInit
 .text.MyListConnect
                0x0000000008003e9e       0x2e ./Libs/UProto/Src/ulist.o
                0x0000000008003e9e                MyListConnect
 .text.MyListDisconnect
                0x0000000008003ecc       0x2e ./Libs/UProto/Src/ulist.o
                0x0000000008003ecc                MyListDisconnect
 .text.MyListInsert
                0x0000000008003efa       0x96 ./Libs/UProto/Src/ulist.o
                0x0000000008003efa                MyListInsert
 .text.MyListPushBack
                0x0000000008003f90       0x30 ./Libs/UProto/Src/ulist.o
                0x0000000008003f90                MyListPushBack
 .text.MyListPopFront
                0x0000000008003fc0       0x5e ./Libs/UProto/Src/ulist.o
                0x0000000008003fc0                MyListPopFront
 .text.MyListGet
                0x000000000800401e       0x46 ./Libs/UProto/Src/ulist.o
                0x000000000800401e                MyListGet
 .text.MyListIsEmpty
                0x0000000008004064       0x22 ./Libs/UProto/Src/ulist.o
                0x0000000008004064                MyListIsEmpty
 .text.UProto_Init
                0x0000000008004086       0x4a ./Libs/UProto/Src/uproto.o
                0x0000000008004086                UProto_Init
 .text.CountCRC8
                0x00000000080040d0       0x6a ./Libs/UProto/Src/uproto.o
                0x00000000080040d0                CountCRC8
 .text.UProto_FindSignature
                0x000000000800413a       0x76 ./Libs/UProto/Src/uproto.o
                0x000000000800413a                UProto_FindSignature
 .text.UProto_Receive
                0x00000000080041b0       0xae ./Libs/UProto/Src/uproto.o
                0x00000000080041b0                UProto_Receive
 .text.UProto_SendData
                0x000000000800425e       0x24 ./Libs/UProto/Src/uproto.o
                0x000000000800425e                UProto_SendData
 .text.UProto_Receive_IT
                0x0000000008004282       0x48 ./Libs/UProto/Src/uproto.o
                0x0000000008004282                UProto_Receive_IT
 .text.UProto_Transmit_IT
                0x00000000080042ca       0x22 ./Libs/UProto/Src/uproto.o
                0x00000000080042ca                UProto_Transmit_IT
 .text.UProto_Transmit
                0x00000000080042ec       0x8c ./Libs/UProto/Src/uproto.o
                0x00000000080042ec                UProto_Transmit
 .text.UProto_AddCallback
                0x0000000008004378       0x9e ./Libs/UProto/Src/uproto.o
                0x0000000008004378                UProto_AddCallback
 *fill*         0x0000000008004416        0x2 
 .text.__NVIC_SetPriority
                0x0000000008004418       0x54 ./Middlewares/Third_Party/FreeRTOS/Source/CMSIS_RTOS_V2/cmsis_os2.o
 .text.SVC_Setup
                0x000000000800446c       0x12 ./Middlewares/Third_Party/FreeRTOS/Source/CMSIS_RTOS_V2/cmsis_os2.o
 *fill*         0x000000000800447e        0x2 
 .text.osKernelInitialize
                0x0000000008004480       0x48 ./Middlewares/Third_Party/FreeRTOS/Source/CMSIS_RTOS_V2/cmsis_os2.o
                0x0000000008004480                osKernelInitialize
 .text.osKernelStart
                0x00000000080044c8       0x4c ./Middlewares/Third_Party/FreeRTOS/Source/CMSIS_RTOS_V2/cmsis_os2.o
                0x00000000080044c8                osKernelStart
 .text.osThreadNew
                0x0000000008004514      0x124 ./Middlewares/Third_Party/FreeRTOS/Source/CMSIS_RTOS_V2/cmsis_os2.o
                0x0000000008004514                osThreadNew
 .text.osDelay  0x0000000008004638       0x36 ./Middlewares/Third_Party/FreeRTOS/Source/CMSIS_RTOS_V2/cmsis_os2.o
                0x0000000008004638                osDelay
 *fill*         0x000000000800466e        0x2 
 .text.vApplicationGetIdleTaskMemory
                0x0000000008004670       0x34 ./Middlewares/Third_Party/FreeRTOS/Source/CMSIS_RTOS_V2/cmsis_os2.o
                0x0000000008004670                vApplicationGetIdleTaskMemory
 .text.vApplicationGetTimerTaskMemory
                0x00000000080046a4       0x34 ./Middlewares/Third_Party/FreeRTOS/Source/CMSIS_RTOS_V2/cmsis_os2.o
                0x00000000080046a4                vApplicationGetTimerTaskMemory
 .text.vListInitialise
                0x00000000080046d8       0x40 ./Middlewares/Third_Party/FreeRTOS/Source/list.o
                0x00000000080046d8                vListInitialise
 .text.vListInitialiseItem
                0x0000000008004718       0x1a ./Middlewares/Third_Party/FreeRTOS/Source/list.o
                0x0000000008004718                vListInitialiseItem
 .text.vListInsertEnd
                0x0000000008004732       0x48 ./Middlewares/Third_Party/FreeRTOS/Source/list.o
                0x0000000008004732                vListInsertEnd
 .text.vListInsert
                0x000000000800477a       0x72 ./Middlewares/Third_Party/FreeRTOS/Source/list.o
                0x000000000800477a                vListInsert
 .text.uxListRemove
                0x00000000080047ec       0x54 ./Middlewares/Third_Party/FreeRTOS/Source/list.o
                0x00000000080047ec                uxListRemove
 .text.xQueueGenericReset
                0x0000000008004840       0xd0 ./Middlewares/Third_Party/FreeRTOS/Source/queue.o
                0x0000000008004840                xQueueGenericReset
 .text.xQueueGenericCreateStatic
                0x0000000008004910       0xf0 ./Middlewares/Third_Party/FreeRTOS/Source/queue.o
                0x0000000008004910                xQueueGenericCreateStatic
 .text.prvInitialiseNewQueue
                0x0000000008004a00       0x46 ./Middlewares/Third_Party/FreeRTOS/Source/queue.o
 *fill*         0x0000000008004a46        0x2 
 .text.xQueueGenericSend
                0x0000000008004a48      0x1fc ./Middlewares/Third_Party/FreeRTOS/Source/queue.o
                0x0000000008004a48                xQueueGenericSend
 .text.xQueueGenericSendFromISR
                0x0000000008004c44      0x136 ./Middlewares/Third_Party/FreeRTOS/Source/queue.o
                0x0000000008004c44                xQueueGenericSendFromISR
 *fill*         0x0000000008004d7a        0x2 
 .text.xQueueReceive
                0x0000000008004d7c      0x1c0 ./Middlewares/Third_Party/FreeRTOS/Source/queue.o
                0x0000000008004d7c                xQueueReceive
 .text.prvCopyDataToQueue
                0x0000000008004f3c       0xd4 ./Middlewares/Third_Party/FreeRTOS/Source/queue.o
 .text.prvCopyDataFromQueue
                0x0000000008005010       0x4c ./Middlewares/Third_Party/FreeRTOS/Source/queue.o
 .text.prvUnlockQueue
                0x000000000800505c       0xa4 ./Middlewares/Third_Party/FreeRTOS/Source/queue.o
 .text.prvIsQueueEmpty
                0x0000000008005100       0x2c ./Middlewares/Third_Party/FreeRTOS/Source/queue.o
 .text.prvIsQueueFull
                0x000000000800512c       0x30 ./Middlewares/Third_Party/FreeRTOS/Source/queue.o
 .text.vQueueAddToRegistry
                0x000000000800515c       0x54 ./Middlewares/Third_Party/FreeRTOS/Source/queue.o
                0x000000000800515c                vQueueAddToRegistry
 .text.vQueueWaitForMessageRestricted
                0x00000000080051b0       0x68 ./Middlewares/Third_Party/FreeRTOS/Source/queue.o
                0x00000000080051b0                vQueueWaitForMessageRestricted
 .text.xTaskCreateStatic
                0x0000000008005218       0xba ./Middlewares/Third_Party/FreeRTOS/Source/tasks.o
                0x0000000008005218                xTaskCreateStatic
 .text.xTaskCreate
                0x00000000080052d2       0x8a ./Middlewares/Third_Party/FreeRTOS/Source/tasks.o
                0x00000000080052d2                xTaskCreate
 .text.prvInitialiseNewTask
                0x000000000800535c      0x12a ./Middlewares/Third_Party/FreeRTOS/Source/tasks.o
 *fill*         0x0000000008005486        0x2 
 .text.prvAddNewTaskToReadyList
                0x0000000008005488       0xe0 ./Middlewares/Third_Party/FreeRTOS/Source/tasks.o
 .text.vTaskDelay
                0x0000000008005568       0x68 ./Middlewares/Third_Party/FreeRTOS/Source/tasks.o
                0x0000000008005568                vTaskDelay
 .text.vTaskStartScheduler
                0x00000000080055d0       0xd0 ./Middlewares/Third_Party/FreeRTOS/Source/tasks.o
                0x00000000080055d0                vTaskStartScheduler
 .text.vTaskSuspendAll
                0x00000000080056a0       0x1c ./Middlewares/Third_Party/FreeRTOS/Source/tasks.o
                0x00000000080056a0                vTaskSuspendAll
 .text.xTaskResumeAll
                0x00000000080056bc      0x13c ./Middlewares/Third_Party/FreeRTOS/Source/tasks.o
                0x00000000080056bc                xTaskResumeAll
 .text.xTaskGetTickCount
                0x00000000080057f8       0x20 ./Middlewares/Third_Party/FreeRTOS/Source/tasks.o
                0x00000000080057f8                xTaskGetTickCount
 .text.xTaskIncrementTick
                0x0000000008005818      0x174 ./Middlewares/Third_Party/FreeRTOS/Source/tasks.o
                0x0000000008005818                xTaskIncrementTick
 .text.vTaskSwitchContext
                0x000000000800598c       0xf0 ./Middlewares/Third_Party/FreeRTOS/Source/tasks.o
                0x000000000800598c                vTaskSwitchContext
 .text.vTaskPlaceOnEventList
                0x0000000008005a7c       0x48 ./Middlewares/Third_Party/FreeRTOS/Source/tasks.o
                0x0000000008005a7c                vTaskPlaceOnEventList
 .text.vTaskPlaceOnEventListRestricted
                0x0000000008005ac4       0x58 ./Middlewares/Third_Party/FreeRTOS/Source/tasks.o
                0x0000000008005ac4                vTaskPlaceOnEventListRestricted
 .text.xTaskRemoveFromEventList
                0x0000000008005b1c       0xc8 ./Middlewares/Third_Party/FreeRTOS/Source/tasks.o
                0x0000000008005b1c                xTaskRemoveFromEventList
 .text.vTaskInternalSetTimeOutState
                0x0000000008005be4       0x2c ./Middlewares/Third_Party/FreeRTOS/Source/tasks.o
                0x0000000008005be4                vTaskInternalSetTimeOutState
 .text.xTaskCheckForTimeOut
                0x0000000008005c10       0xc4 ./Middlewares/Third_Party/FreeRTOS/Source/tasks.o
                0x0000000008005c10                xTaskCheckForTimeOut
 .text.vTaskMissedYield
                0x0000000008005cd4       0x18 ./Middlewares/Third_Party/FreeRTOS/Source/tasks.o
                0x0000000008005cd4                vTaskMissedYield
 .text.prvIdleTask
                0x0000000008005cec       0x30 ./Middlewares/Third_Party/FreeRTOS/Source/tasks.o
 .text.prvInitialiseTaskLists
                0x0000000008005d1c       0x80 ./Middlewares/Third_Party/FreeRTOS/Source/tasks.o
 .text.prvCheckTasksWaitingTermination
                0x0000000008005d9c       0x5c ./Middlewares/Third_Party/FreeRTOS/Source/tasks.o
 .text.prvDeleteTCB
                0x0000000008005df8       0x5e ./Middlewares/Third_Party/FreeRTOS/Source/tasks.o
 *fill*         0x0000000008005e56        0x2 
 .text.prvResetNextTaskUnblockTime
                0x0000000008005e58       0x40 ./Middlewares/Third_Party/FreeRTOS/Source/tasks.o
 .text.xTaskGetSchedulerState
                0x0000000008005e98       0x3c ./Middlewares/Third_Party/FreeRTOS/Source/tasks.o
                0x0000000008005e98                xTaskGetSchedulerState
 .text.xTaskPriorityDisinherit
                0x0000000008005ed4       0xdc ./Middlewares/Third_Party/FreeRTOS/Source/tasks.o
                0x0000000008005ed4                xTaskPriorityDisinherit
 .text.prvAddCurrentTaskToDelayedList
                0x0000000008005fb0       0xa8 ./Middlewares/Third_Party/FreeRTOS/Source/tasks.o
 .text.xTimerCreateTimerTask
                0x0000000008006058       0x90 ./Middlewares/Third_Party/FreeRTOS/Source/timers.o
                0x0000000008006058                xTimerCreateTimerTask
 .text.xTimerGenericCommand
                0x00000000080060e8       0x9c ./Middlewares/Third_Party/FreeRTOS/Source/timers.o
                0x00000000080060e8                xTimerGenericCommand
 .text.prvProcessExpiredTimer
                0x0000000008006184       0x98 ./Middlewares/Third_Party/FreeRTOS/Source/timers.o
 .text.prvTimerTask
                0x000000000800621c       0x24 ./Middlewares/Third_Party/FreeRTOS/Source/timers.o
 .text.prvProcessTimerOrBlockTask
                0x0000000008006240       0x9c ./Middlewares/Third_Party/FreeRTOS/Source/timers.o
 .text.prvGetNextExpireTime
                0x00000000080062dc       0x48 ./Middlewares/Third_Party/FreeRTOS/Source/timers.o
 .text.prvSampleTimeNow
                0x0000000008006324       0x40 ./Middlewares/Third_Party/FreeRTOS/Source/timers.o
 .text.prvInsertTimerInActiveList
                0x0000000008006364       0x84 ./Middlewares/Third_Party/FreeRTOS/Source/timers.o
 .text.prvProcessReceivedCommands
                0x00000000080063e8      0x1c4 ./Middlewares/Third_Party/FreeRTOS/Source/timers.o
 .text.prvSwitchTimerLists
                0x00000000080065ac       0xc8 ./Middlewares/Third_Party/FreeRTOS/Source/timers.o
 .text.prvCheckForValidListAndQueue
                0x0000000008006674       0x80 ./Middlewares/Third_Party/FreeRTOS/Source/timers.o
 .text.pxPortInitialiseStack
                0x00000000080066f4       0x68 ./Middlewares/Third_Party/FreeRTOS/Source/portable/GCC/ARM_CM4F/port.o
                0x00000000080066f4                pxPortInitialiseStack
 .text.prvTaskExitError
                0x000000000800675c       0x58 ./Middlewares/Third_Party/FreeRTOS/Source/portable/GCC/ARM_CM4F/port.o
 *fill*         0x00000000080067b4        0xc 
 .text.SVC_Handler
                0x00000000080067c0       0x28 ./Middlewares/Third_Party/FreeRTOS/Source/portable/GCC/ARM_CM4F/port.o
                0x00000000080067c0                SVC_Handler
 .text.prvPortStartFirstTask
                0x00000000080067e8       0x28 ./Middlewares/Third_Party/FreeRTOS/Source/portable/GCC/ARM_CM4F/port.o
 .text.xPortStartScheduler
                0x0000000008006810      0x144 ./Middlewares/Third_Party/FreeRTOS/Source/portable/GCC/ARM_CM4F/port.o
                0x0000000008006810                xPortStartScheduler
 .text.vPortEnterCritical
                0x0000000008006954       0x60 ./Middlewares/Third_Party/FreeRTOS/Source/portable/GCC/ARM_CM4F/port.o
                0x0000000008006954                vPortEnterCritical
 .text.vPortExitCritical
                0x00000000080069b4       0x54 ./Middlewares/Third_Party/FreeRTOS/Source/portable/GCC/ARM_CM4F/port.o
                0x00000000080069b4                vPortExitCritical
 *fill*         0x0000000008006a08        0x8 
 .text.PendSV_Handler
                0x0000000008006a10       0x68 ./Middlewares/Third_Party/FreeRTOS/Source/portable/GCC/ARM_CM4F/port.o
                0x0000000008006a10                PendSV_Handler
 .text.xPortSysTickHandler
                0x0000000008006a78       0x44 ./Middlewares/Third_Party/FreeRTOS/Source/portable/GCC/ARM_CM4F/port.o
                0x0000000008006a78                xPortSysTickHandler
 .text.vPortSetupTimerInterrupt
                0x0000000008006abc       0x48 ./Middlewares/Third_Party/FreeRTOS/Source/portable/GCC/ARM_CM4F/port.o
                0x0000000008006abc                vPortSetupTimerInterrupt
 .text.vPortEnableVFP
                0x0000000008006b04       0x14 ./Middlewares/Third_Party/FreeRTOS/Source/portable/GCC/ARM_CM4F/port.o
 .text.vPortValidateInterruptPriority
                0x0000000008006b18       0x80 ./Middlewares/Third_Party/FreeRTOS/Source/portable/GCC/ARM_CM4F/port.o
                0x0000000008006b18                vPortValidateInterruptPriority
 .text.pvPortMalloc
                0x0000000008006b98      0x198 ./Middlewares/Third_Party/FreeRTOS/Source/portable/MemMang/heap_4.o
                0x0000000008006b98                pvPortMalloc
 .text.vPortFree
                0x0000000008006d30       0xc4 ./Middlewares/Third_Party/FreeRTOS/Source/portable/MemMang/heap_4.o
                0x0000000008006d30                vPortFree
 .text.prvHeapInit
                0x0000000008006df4       0xc4 ./Middlewares/Third_Party/FreeRTOS/Source/portable/MemMang/heap_4.o
 .text.prvInsertBlockIntoFreeList
                0x0000000008006eb8       0xb4 ./Middlewares/Third_Party/FreeRTOS/Source/portable/MemMang/heap_4.o
 .text.__libc_init_array
                0x0000000008006f6c       0x48 g:/st/stm32cubeide_1.9.0/stm32cubeide/plugins/com.st.stm32cube.ide.mcu.externaltools.gnu-tools-for-stm32.10.3-2021.10.win32_1.0.0.202111181127/tools/bin/../lib/gcc/arm-none-eabi/10.3.1/../../../../arm-none-eabi/lib/thumb/v7e-m+fp/hard\libc_nano.a(lib_a-init.o)
                0x0000000008006f6c                __libc_init_array
 .text.memcmp   0x0000000008006fb4       0x20 g:/st/stm32cubeide_1.9.0/stm32cubeide/plugins/com.st.stm32cube.ide.mcu.externaltools.gnu-tools-for-stm32.10.3-2021.10.win32_1.0.0.202111181127/tools/bin/../lib/gcc/arm-none-eabi/10.3.1/../../../../arm-none-eabi/lib/thumb/v7e-m+fp/hard\libc_nano.a(lib_a-memcmp.o)
                0x0000000008006fb4                memcmp
 .text.memcpy   0x0000000008006fd4       0x1c g:/st/stm32cubeide_1.9.0/stm32cubeide/plugins/com.st.stm32cube.ide.mcu.externaltools.gnu-tools-for-stm32.10.3-2021.10.win32_1.0.0.202111181127/tools/bin/../lib/gcc/arm-none-eabi/10.3.1/../../../../arm-none-eabi/lib/thumb/v7e-m+fp/hard\libc_nano.a(lib_a-memcpy-stub.o)
                0x0000000008006fd4                memcpy
 .text.memmove  0x0000000008006ff0       0x34 g:/st/stm32cubeide_1.9.0/stm32cubeide/plugins/com.st.stm32cube.ide.mcu.externaltools.gnu-tools-for-stm32.10.3-2021.10.win32_1.0.0.202111181127/tools/bin/../lib/gcc/arm-none-eabi/10.3.1/../../../../arm-none-eabi/lib/thumb/v7e-m+fp/hard\libc_nano.a(lib_a-memmove.o)
                0x0000000008006ff0                memmove
 .text.memset   0x0000000008007024       0x10 g:/st/stm32cubeide_1.9.0/stm32cubeide/plugins/com.st.stm32cube.ide.mcu.externaltools.gnu-tools-for-stm32.10.3-2021.10.win32_1.0.0.202111181127/tools/bin/../lib/gcc/arm-none-eabi/10.3.1/../../../../arm-none-eabi/lib/thumb/v7e-m+fp/hard\libc_nano.a(lib_a-memset.o)
                0x0000000008007024                memset
 *(.glue_7)
 .glue_7        0x0000000008007034        0x0 linker stubs
 *(.glue_7t)
 .glue_7t       0x0000000008007034        0x0 linker stubs
 *(.eh_frame)
 .eh_frame      0x0000000008007034        0x0 g:/st/stm32cubeide_1.9.0/stm32cubeide/plugins/com.st.stm32cube.ide.mcu.externaltools.gnu-tools-for-stm32.10.3-2021.10.win32_1.0.0.202111181127/tools/bin/../lib/gcc/arm-none-eabi/10.3.1/thumb/v7e-m+fp/hard/crtbegin.o
 *(.init)
 .init          0x0000000008007034        0x4 g:/st/stm32cubeide_1.9.0/stm32cubeide/plugins/com.st.stm32cube.ide.mcu.externaltools.gnu-tools-for-stm32.10.3-2021.10.win32_1.0.0.202111181127/tools/bin/../lib/gcc/arm-none-eabi/10.3.1/thumb/v7e-m+fp/hard/crti.o
                0x0000000008007034                _init
 .init          0x0000000008007038        0x8 g:/st/stm32cubeide_1.9.0/stm32cubeide/plugins/com.st.stm32cube.ide.mcu.externaltools.gnu-tools-for-stm32.10.3-2021.10.win32_1.0.0.202111181127/tools/bin/../lib/gcc/arm-none-eabi/10.3.1/thumb/v7e-m+fp/hard/crtn.o
 *(.fini)
 .fini          0x0000000008007040        0x4 g:/st/stm32cubeide_1.9.0/stm32cubeide/plugins/com.st.stm32cube.ide.mcu.externaltools.gnu-tools-for-stm32.10.3-2021.10.win32_1.0.0.202111181127/tools/bin/../lib/gcc/arm-none-eabi/10.3.1/thumb/v7e-m+fp/hard/crti.o
                0x0000000008007040                _fini
 .fini          0x0000000008007044        0x8 g:/st/stm32cubeide_1.9.0/stm32cubeide/plugins/com.st.stm32cube.ide.mcu.externaltools.gnu-tools-for-stm32.10.3-2021.10.win32_1.0.0.202111181127/tools/bin/../lib/gcc/arm-none-eabi/10.3.1/thumb/v7e-m+fp/hard/crtn.o
                0x000000000800704c                . = ALIGN (0x4)
                0x000000000800704c                _etext = .

.vfp11_veneer   0x000000000800704c        0x0
 .vfp11_veneer  0x000000000800704c        0x0 linker stubs

.v4_bx          0x000000000800704c        0x0
 .v4_bx         0x000000000800704c        0x0 linker stubs

.iplt           0x000000000800704c        0x0
 .iplt          0x000000000800704c        0x0 g:/st/stm32cubeide_1.9.0/stm32cubeide/plugins/com.st.stm32cube.ide.mcu.externaltools.gnu-tools-for-stm32.10.3-2021.10.win32_1.0.0.202111181127/tools/bin/../lib/gcc/arm-none-eabi/10.3.1/thumb/v7e-m+fp/hard/crtbegin.o

.rodata         0x000000000800704c       0xd8
                0x000000000800704c                . = ALIGN (0x4)
 *(.rodata)
 .rodata        0x000000000800704c       0x34 ./Core/Src/main.o
 .rodata        0x0000000008007080        0x5 ./Middlewares/Third_Party/FreeRTOS/Source/tasks.o
 *fill*         0x0000000008007085        0x3 
 .rodata        0x0000000008007088        0xd ./Middlewares/Third_Party/FreeRTOS/Source/timers.o
 *(.rodata*)
 *fill*         0x0000000008007095        0x3 
 .rodata.defaultTask_attributes
                0x0000000008007098       0x24 ./Core/Src/main.o
                0x0000000008007098                defaultTask_attributes
 .rodata.pingTask_attributes
                0x00000000080070bc       0x24 ./Core/Src/main.o
                0x00000000080070bc                pingTask_attributes
 .rodata.sendDataTask_attributes
                0x00000000080070e0       0x24 ./Core/Src/main.o
                0x00000000080070e0                sendDataTask_attributes
 .rodata.AHBPrescTable
                0x0000000008007104       0x10 ./Core/Src/system_stm32f4xx.o
                0x0000000008007104                AHBPrescTable
 .rodata.APBPrescTable
                0x0000000008007114        0x8 ./Core/Src/system_stm32f4xx.o
                0x0000000008007114                APBPrescTable
 .rodata.flagBitshiftOffset.0
                0x000000000800711c        0x8 ./Drivers/STM32F4xx_HAL_Driver/Src/stm32f4xx_hal_dma.o
                0x0000000008007124                . = ALIGN (0x4)

.ARM.extab      0x0000000008007124        0x0
                0x0000000008007124                . = ALIGN (0x4)
 *(.ARM.extab* .gnu.linkonce.armextab.*)
                0x0000000008007124                . = ALIGN (0x4)

.ARM            0x0000000008007124        0x8
                0x0000000008007124                . = ALIGN (0x4)
                0x0000000008007124                __exidx_start = .
 *(.ARM.exidx*)
 .ARM.exidx     0x0000000008007124        0x8 g:/st/stm32cubeide_1.9.0/stm32cubeide/plugins/com.st.stm32cube.ide.mcu.externaltools.gnu-tools-for-stm32.10.3-2021.10.win32_1.0.0.202111181127/tools/bin/../lib/gcc/arm-none-eabi/10.3.1/thumb/v7e-m+fp/hard\libgcc.a(_udivmoddi4.o)
                0x000000000800712c                __exidx_end = .
                0x000000000800712c                . = ALIGN (0x4)

.rel.dyn        0x000000000800712c        0x0
 .rel.iplt      0x000000000800712c        0x0 g:/st/stm32cubeide_1.9.0/stm32cubeide/plugins/com.st.stm32cube.ide.mcu.externaltools.gnu-tools-for-stm32.10.3-2021.10.win32_1.0.0.202111181127/tools/bin/../lib/gcc/arm-none-eabi/10.3.1/thumb/v7e-m+fp/hard/crtbegin.o

.preinit_array  0x000000000800712c        0x0
                0x000000000800712c                . = ALIGN (0x4)
                0x000000000800712c                PROVIDE (__preinit_array_start = .)
 *(.preinit_array*)
                0x000000000800712c                PROVIDE (__preinit_array_end = .)
                0x000000000800712c                . = ALIGN (0x4)

.init_array     0x000000000800712c        0x4
                0x000000000800712c                . = ALIGN (0x4)
                0x000000000800712c                PROVIDE (__init_array_start = .)
 *(SORT_BY_NAME(.init_array.*))
 *(.init_array*)
 .init_array    0x000000000800712c        0x4 g:/st/stm32cubeide_1.9.0/stm32cubeide/plugins/com.st.stm32cube.ide.mcu.externaltools.gnu-tools-for-stm32.10.3-2021.10.win32_1.0.0.202111181127/tools/bin/../lib/gcc/arm-none-eabi/10.3.1/thumb/v7e-m+fp/hard/crtbegin.o
                0x0000000008007130                PROVIDE (__init_array_end = .)
                0x0000000008007130                . = ALIGN (0x4)

.fini_array     0x0000000008007130        0x4
                0x0000000008007130                . = ALIGN (0x4)
                [!provide]                        PROVIDE (__fini_array_start = .)
 *(SORT_BY_NAME(.fini_array.*))
 *(.fini_array*)
 .fini_array    0x0000000008007130        0x4 g:/st/stm32cubeide_1.9.0/stm32cubeide/plugins/com.st.stm32cube.ide.mcu.externaltools.gnu-tools-for-stm32.10.3-2021.10.win32_1.0.0.202111181127/tools/bin/../lib/gcc/arm-none-eabi/10.3.1/thumb/v7e-m+fp/hard/crtbegin.o
                [!provide]                        PROVIDE (__fini_array_end = .)
                0x0000000008007134                . = ALIGN (0x4)
                0x0000000008007134                _sidata = LOADADDR (.data)

.data           0x0000000020000000       0x10 load address 0x0000000008007134
                0x0000000020000000                . = ALIGN (0x4)
                0x0000000020000000                _sdata = .
 *(.data)
 *(.data*)
 .data.SystemCoreClock
                0x0000000020000000        0x4 ./Core/Src/system_stm32f4xx.o
                0x0000000020000000                SystemCoreClock
 .data.uwTickPrio
                0x0000000020000004        0x4 ./Drivers/STM32F4xx_HAL_Driver/Src/stm32f4xx_hal.o
                0x0000000020000004                uwTickPrio
 .data.uwTickFreq
                0x0000000020000008        0x1 ./Drivers/STM32F4xx_HAL_Driver/Src/stm32f4xx_hal.o
                0x0000000020000008                uwTickFreq
 *fill*         0x0000000020000009        0x3 
 .data.uxCriticalNesting
                0x000000002000000c        0x4 ./Middlewares/Third_Party/FreeRTOS/Source/portable/GCC/ARM_CM4F/port.o
 *(.RamFunc)
 *(.RamFunc*)
                0x0000000020000010                . = ALIGN (0x4)
                0x0000000020000010                _edata = .

.igot.plt       0x0000000020000010        0x0 load address 0x0000000008007144
 .igot.plt      0x0000000020000010        0x0 g:/st/stm32cubeide_1.9.0/stm32cubeide/plugins/com.st.stm32cube.ide.mcu.externaltools.gnu-tools-for-stm32.10.3-2021.10.win32_1.0.0.202111181127/tools/bin/../lib/gcc/arm-none-eabi/10.3.1/thumb/v7e-m+fp/hard/crtbegin.o
                0x0000000020000010                . = ALIGN (0x4)

.bss            0x0000000020000010     0x4a88 load address 0x0000000008007144
                0x0000000020000010                _sbss = .
                0x0000000020000010                __bss_start__ = _sbss
 *(.bss)
 .bss           0x0000000020000010       0x1c g:/st/stm32cubeide_1.9.0/stm32cubeide/plugins/com.st.stm32cube.ide.mcu.externaltools.gnu-tools-for-stm32.10.3-2021.10.win32_1.0.0.202111181127/tools/bin/../lib/gcc/arm-none-eabi/10.3.1/thumb/v7e-m+fp/hard/crtbegin.o
 *(.bss*)
 .bss.htim1     0x000000002000002c       0x48 ./Core/Src/main.o
                0x000000002000002c                htim1
 .bss.huart1    0x0000000020000074       0x44 ./Core/Src/main.o
                0x0000000020000074                huart1
 .bss.hdma_usart1_tx
                0x00000000200000b8       0x60 ./Core/Src/main.o
                0x00000000200000b8                hdma_usart1_tx
 .bss.defaultTaskHandle
                0x0000000020000118        0x4 ./Core/Src/main.o
                0x0000000020000118                defaultTaskHandle
 .bss.pingTaskHandle
                0x000000002000011c        0x4 ./Core/Src/main.o
                0x000000002000011c                pingTaskHandle
 .bss.sendDataTaskHandle
                0x0000000020000120        0x4 ./Core/Src/main.o
                0x0000000020000120                sendDataTaskHandle
 .bss.up        0x0000000020000124        0x4 ./Core/Src/main.o
                0x0000000020000124                up
 .bss.ping      0x0000000020000128        0x1 ./Core/Src/main.o
                0x0000000020000128                ping
 *fill*         0x0000000020000129        0x3 
 .bss.uwTick    0x000000002000012c        0x4 ./Drivers/STM32F4xx_HAL_Driver/Src/stm32f4xx_hal.o
                0x000000002000012c                uwTick
 .bss.KernelState
                0x0000000020000130        0x4 ./Middlewares/Third_Party/FreeRTOS/Source/CMSIS_RTOS_V2/cmsis_os2.o
 .bss.Idle_TCB.3
                0x0000000020000134       0x64 ./Middlewares/Third_Party/FreeRTOS/Source/CMSIS_RTOS_V2/cmsis_os2.o
 .bss.Idle_Stack.2
                0x0000000020000198      0x200 ./Middlewares/Third_Party/FreeRTOS/Source/CMSIS_RTOS_V2/cmsis_os2.o
 .bss.Timer_TCB.1
                0x0000000020000398       0x64 ./Middlewares/Third_Party/FreeRTOS/Source/CMSIS_RTOS_V2/cmsis_os2.o
 .bss.Timer_Stack.0
                0x00000000200003fc      0x400 ./Middlewares/Third_Party/FreeRTOS/Source/CMSIS_RTOS_V2/cmsis_os2.o
 .bss.xQueueRegistry
                0x00000000200007fc       0x40 ./Middlewares/Third_Party/FreeRTOS/Source/queue.o
                0x00000000200007fc                xQueueRegistry
 .bss.pxCurrentTCB
                0x000000002000083c        0x4 ./Middlewares/Third_Party/FreeRTOS/Source/tasks.o
                0x000000002000083c                pxCurrentTCB
 .bss.pxReadyTasksLists
                0x0000000020000840      0x460 ./Middlewares/Third_Party/FreeRTOS/Source/tasks.o
 .bss.xDelayedTaskList1
                0x0000000020000ca0       0x14 ./Middlewares/Third_Party/FreeRTOS/Source/tasks.o
 .bss.xDelayedTaskList2
                0x0000000020000cb4       0x14 ./Middlewares/Third_Party/FreeRTOS/Source/tasks.o
 .bss.pxDelayedTaskList
                0x0000000020000cc8        0x4 ./Middlewares/Third_Party/FreeRTOS/Source/tasks.o
 .bss.pxOverflowDelayedTaskList
                0x0000000020000ccc        0x4 ./Middlewares/Third_Party/FreeRTOS/Source/tasks.o
 .bss.xPendingReadyList
                0x0000000020000cd0       0x14 ./Middlewares/Third_Party/FreeRTOS/Source/tasks.o
 .bss.xTasksWaitingTermination
                0x0000000020000ce4       0x14 ./Middlewares/Third_Party/FreeRTOS/Source/tasks.o
 .bss.uxDeletedTasksWaitingCleanUp
                0x0000000020000cf8        0x4 ./Middlewares/Third_Party/FreeRTOS/Source/tasks.o
 .bss.xSuspendedTaskList
                0x0000000020000cfc       0x14 ./Middlewares/Third_Party/FreeRTOS/Source/tasks.o
 .bss.uxCurrentNumberOfTasks
                0x0000000020000d10        0x4 ./Middlewares/Third_Party/FreeRTOS/Source/tasks.o
 .bss.xTickCount
                0x0000000020000d14        0x4 ./Middlewares/Third_Party/FreeRTOS/Source/tasks.o
 .bss.uxTopReadyPriority
                0x0000000020000d18        0x4 ./Middlewares/Third_Party/FreeRTOS/Source/tasks.o
 .bss.xSchedulerRunning
                0x0000000020000d1c        0x4 ./Middlewares/Third_Party/FreeRTOS/Source/tasks.o
 .bss.xPendedTicks
                0x0000000020000d20        0x4 ./Middlewares/Third_Party/FreeRTOS/Source/tasks.o
 .bss.xYieldPending
                0x0000000020000d24        0x4 ./Middlewares/Third_Party/FreeRTOS/Source/tasks.o
 .bss.xNumOfOverflows
                0x0000000020000d28        0x4 ./Middlewares/Third_Party/FreeRTOS/Source/tasks.o
 .bss.uxTaskNumber
                0x0000000020000d2c        0x4 ./Middlewares/Third_Party/FreeRTOS/Source/tasks.o
 .bss.xNextTaskUnblockTime
                0x0000000020000d30        0x4 ./Middlewares/Third_Party/FreeRTOS/Source/tasks.o
 .bss.xIdleTaskHandle
                0x0000000020000d34        0x4 ./Middlewares/Third_Party/FreeRTOS/Source/tasks.o
 .bss.uxSchedulerSuspended
                0x0000000020000d38        0x4 ./Middlewares/Third_Party/FreeRTOS/Source/tasks.o
 .bss.ulTaskSwitchedInTime
                0x0000000020000d3c        0x4 ./Middlewares/Third_Party/FreeRTOS/Source/tasks.o
 .bss.ulTotalRunTime
                0x0000000020000d40        0x4 ./Middlewares/Third_Party/FreeRTOS/Source/tasks.o
 .bss.xActiveTimerList1
                0x0000000020000d44       0x14 ./Middlewares/Third_Party/FreeRTOS/Source/timers.o
 .bss.xActiveTimerList2
                0x0000000020000d58       0x14 ./Middlewares/Third_Party/FreeRTOS/Source/timers.o
 .bss.pxCurrentTimerList
                0x0000000020000d6c        0x4 ./Middlewares/Third_Party/FreeRTOS/Source/timers.o
 .bss.pxOverflowTimerList
                0x0000000020000d70        0x4 ./Middlewares/Third_Party/FreeRTOS/Source/timers.o
 .bss.xTimerQueue
                0x0000000020000d74        0x4 ./Middlewares/Third_Party/FreeRTOS/Source/timers.o
 .bss.xTimerTaskHandle
                0x0000000020000d78        0x4 ./Middlewares/Third_Party/FreeRTOS/Source/timers.o
 .bss.xLastTime.2
                0x0000000020000d7c        0x4 ./Middlewares/Third_Party/FreeRTOS/Source/timers.o
 .bss.ucStaticTimerQueueStorage.1
                0x0000000020000d80       0xa0 ./Middlewares/Third_Party/FreeRTOS/Source/timers.o
 .bss.xStaticTimerQueue.0
                0x0000000020000e20       0x50 ./Middlewares/Third_Party/FreeRTOS/Source/timers.o
 .bss.ucMaxSysCallPriority
                0x0000000020000e70        0x1 ./Middlewares/Third_Party/FreeRTOS/Source/portable/GCC/ARM_CM4F/port.o
 *fill*         0x0000000020000e71        0x3 
 .bss.ulMaxPRIGROUPValue
                0x0000000020000e74        0x4 ./Middlewares/Third_Party/FreeRTOS/Source/portable/GCC/ARM_CM4F/port.o
 .bss.ucHeap    0x0000000020000e78     0x3c00 ./Middlewares/Third_Party/FreeRTOS/Source/portable/MemMang/heap_4.o
 .bss.xStart    0x0000000020004a78        0x8 ./Middlewares/Third_Party/FreeRTOS/Source/portable/MemMang/heap_4.o
 .bss.pxEnd     0x0000000020004a80        0x4 ./Middlewares/Third_Party/FreeRTOS/Source/portable/MemMang/heap_4.o
 .bss.xFreeBytesRemaining
                0x0000000020004a84        0x4 ./Middlewares/Third_Party/FreeRTOS/Source/portable/MemMang/heap_4.o
 .bss.xMinimumEverFreeBytesRemaining
                0x0000000020004a88        0x4 ./Middlewares/Third_Party/FreeRTOS/Source/portable/MemMang/heap_4.o
 .bss.xNumberOfSuccessfulAllocations
                0x0000000020004a8c        0x4 ./Middlewares/Third_Party/FreeRTOS/Source/portable/MemMang/heap_4.o
 .bss.xNumberOfSuccessfulFrees
                0x0000000020004a90        0x4 ./Middlewares/Third_Party/FreeRTOS/Source/portable/MemMang/heap_4.o
 .bss.xBlockAllocatedBit
                0x0000000020004a94        0x4 ./Middlewares/Third_Party/FreeRTOS/Source/portable/MemMang/heap_4.o
 *(COMMON)
                0x0000000020004a98                . = ALIGN (0x4)
                0x0000000020004a98                _ebss = .
                0x0000000020004a98                __bss_end__ = _ebss

._user_heap_stack
                0x0000000020004a98      0x600 load address 0x0000000008007144
                0x0000000020004a98                . = ALIGN (0x8)
                [!provide]                        PROVIDE (end = .)
                0x0000000020004a98                PROVIDE (_end = .)
                0x0000000020004c98                . = (. + _Min_Heap_Size)
 *fill*         0x0000000020004a98      0x200 
                0x0000000020005098                . = (. + _Min_Stack_Size)
 *fill*         0x0000000020004c98      0x400 
                0x0000000020005098                . = ALIGN (0x8)

/DISCARD/
 libc.a(*)
 libm.a(*)
 libgcc.a(*)

.ARM.attributes
                0x0000000000000000       0x30
 *(.ARM.attributes)
 .ARM.attributes
                0x0000000000000000       0x1e g:/st/stm32cubeide_1.9.0/stm32cubeide/plugins/com.st.stm32cube.ide.mcu.externaltools.gnu-tools-for-stm32.10.3-2021.10.win32_1.0.0.202111181127/tools/bin/../lib/gcc/arm-none-eabi/10.3.1/thumb/v7e-m+fp/hard/crti.o
 .ARM.attributes
                0x000000000000001e       0x34 g:/st/stm32cubeide_1.9.0/stm32cubeide/plugins/com.st.stm32cube.ide.mcu.externaltools.gnu-tools-for-stm32.10.3-2021.10.win32_1.0.0.202111181127/tools/bin/../lib/gcc/arm-none-eabi/10.3.1/thumb/v7e-m+fp/hard/crtbegin.o
 .ARM.attributes
                0x0000000000000052       0x34 ./Core/Src/freertos.o
 .ARM.attributes
                0x0000000000000086       0x34 ./Core/Src/main.o
 .ARM.attributes
                0x00000000000000ba       0x34 ./Core/Src/stm32f4xx_hal_msp.o
 .ARM.attributes
                0x00000000000000ee       0x34 ./Core/Src/stm32f4xx_it.o
 .ARM.attributes
                0x0000000000000122       0x34 ./Core/Src/system_stm32f4xx.o
 .ARM.attributes
                0x0000000000000156       0x21 ./Core/Startup/startup_stm32f401ccux.o
 .ARM.attributes
                0x0000000000000177       0x34 ./Drivers/STM32F4xx_HAL_Driver/Src/stm32f4xx_hal.o
 .ARM.attributes
                0x00000000000001ab       0x34 ./Drivers/STM32F4xx_HAL_Driver/Src/stm32f4xx_hal_cortex.o
 .ARM.attributes
                0x00000000000001df       0x34 ./Drivers/STM32F4xx_HAL_Driver/Src/stm32f4xx_hal_dma.o
 .ARM.attributes
                0x0000000000000213       0x34 ./Drivers/STM32F4xx_HAL_Driver/Src/stm32f4xx_hal_gpio.o
 .ARM.attributes
                0x0000000000000247       0x34 ./Drivers/STM32F4xx_HAL_Driver/Src/stm32f4xx_hal_rcc.o
 .ARM.attributes
                0x000000000000027b       0x34 ./Drivers/STM32F4xx_HAL_Driver/Src/stm32f4xx_hal_tim.o
 .ARM.attributes
                0x00000000000002af       0x34 ./Drivers/STM32F4xx_HAL_Driver/Src/stm32f4xx_hal_tim_ex.o
 .ARM.attributes
                0x00000000000002e3       0x34 ./Drivers/STM32F4xx_HAL_Driver/Src/stm32f4xx_hal_uart.o
 .ARM.attributes
                0x0000000000000317       0x34 ./Libs/UProto/Src/ulist.o
 .ARM.attributes
                0x000000000000034b       0x34 ./Libs/UProto/Src/uproto.o
 .ARM.attributes
                0x000000000000037f       0x34 ./Middlewares/Third_Party/FreeRTOS/Source/CMSIS_RTOS_V2/cmsis_os2.o
 .ARM.attributes
                0x00000000000003b3       0x34 ./Middlewares/Third_Party/FreeRTOS/Source/list.o
 .ARM.attributes
                0x00000000000003e7       0x34 ./Middlewares/Third_Party/FreeRTOS/Source/queue.o
 .ARM.attributes
                0x000000000000041b       0x34 ./Middlewares/Third_Party/FreeRTOS/Source/tasks.o
 .ARM.attributes
                0x000000000000044f       0x34 ./Middlewares/Third_Party/FreeRTOS/Source/timers.o
 .ARM.attributes
                0x0000000000000483       0x34 ./Middlewares/Third_Party/FreeRTOS/Source/portable/GCC/ARM_CM4F/port.o
 .ARM.attributes
                0x00000000000004b7       0x34 ./Middlewares/Third_Party/FreeRTOS/Source/portable/MemMang/heap_4.o
 .ARM.attributes
                0x00000000000004eb       0x34 g:/st/stm32cubeide_1.9.0/stm32cubeide/plugins/com.st.stm32cube.ide.mcu.externaltools.gnu-tools-for-stm32.10.3-2021.10.win32_1.0.0.202111181127/tools/bin/../lib/gcc/arm-none-eabi/10.3.1/../../../../arm-none-eabi/lib/thumb/v7e-m+fp/hard\libc_nano.a(lib_a-init.o)
 .ARM.attributes
                0x000000000000051f       0x34 g:/st/stm32cubeide_1.9.0/stm32cubeide/plugins/com.st.stm32cube.ide.mcu.externaltools.gnu-tools-for-stm32.10.3-2021.10.win32_1.0.0.202111181127/tools/bin/../lib/gcc/arm-none-eabi/10.3.1/../../../../arm-none-eabi/lib/thumb/v7e-m+fp/hard\libc_nano.a(lib_a-memcmp.o)
 .ARM.attributes
                0x0000000000000553       0x34 g:/st/stm32cubeide_1.9.0/stm32cubeide/plugins/com.st.stm32cube.ide.mcu.externaltools.gnu-tools-for-stm32.10.3-2021.10.win32_1.0.0.202111181127/tools/bin/../lib/gcc/arm-none-eabi/10.3.1/../../../../arm-none-eabi/lib/thumb/v7e-m+fp/hard\libc_nano.a(lib_a-memcpy-stub.o)
 .ARM.attributes
                0x0000000000000587       0x34 g:/st/stm32cubeide_1.9.0/stm32cubeide/plugins/com.st.stm32cube.ide.mcu.externaltools.gnu-tools-for-stm32.10.3-2021.10.win32_1.0.0.202111181127/tools/bin/../lib/gcc/arm-none-eabi/10.3.1/../../../../arm-none-eabi/lib/thumb/v7e-m+fp/hard\libc_nano.a(lib_a-memmove.o)
 .ARM.attributes
                0x00000000000005bb       0x34 g:/st/stm32cubeide_1.9.0/stm32cubeide/plugins/com.st.stm32cube.ide.mcu.externaltools.gnu-tools-for-stm32.10.3-2021.10.win32_1.0.0.202111181127/tools/bin/../lib/gcc/arm-none-eabi/10.3.1/../../../../arm-none-eabi/lib/thumb/v7e-m+fp/hard\libc_nano.a(lib_a-memset.o)
 .ARM.attributes
                0x00000000000005ef       0x17 g:/st/stm32cubeide_1.9.0/stm32cubeide/plugins/com.st.stm32cube.ide.mcu.externaltools.gnu-tools-for-stm32.10.3-2021.10.win32_1.0.0.202111181127/tools/bin/../lib/gcc/arm-none-eabi/10.3.1/../../../../arm-none-eabi/lib/thumb/v7e-m+fp/hard\libc_nano.a(lib_a-strlen.o)
 .ARM.attributes
                0x0000000000000606       0x1e g:/st/stm32cubeide_1.9.0/stm32cubeide/plugins/com.st.stm32cube.ide.mcu.externaltools.gnu-tools-for-stm32.10.3-2021.10.win32_1.0.0.202111181127/tools/bin/../lib/gcc/arm-none-eabi/10.3.1/thumb/v7e-m+fp/hard\libgcc.a(_aeabi_uldivmod.o)
 .ARM.attributes
                0x0000000000000624       0x34 g:/st/stm32cubeide_1.9.0/stm32cubeide/plugins/com.st.stm32cube.ide.mcu.externaltools.gnu-tools-for-stm32.10.3-2021.10.win32_1.0.0.202111181127/tools/bin/../lib/gcc/arm-none-eabi/10.3.1/thumb/v7e-m+fp/hard\libgcc.a(_udivmoddi4.o)
 .ARM.attributes
                0x0000000000000658       0x1e g:/st/stm32cubeide_1.9.0/stm32cubeide/plugins/com.st.stm32cube.ide.mcu.externaltools.gnu-tools-for-stm32.10.3-2021.10.win32_1.0.0.202111181127/tools/bin/../lib/gcc/arm-none-eabi/10.3.1/thumb/v7e-m+fp/hard\libgcc.a(_dvmd_tls.o)
 .ARM.attributes
                0x0000000000000676       0x1e g:/st/stm32cubeide_1.9.0/stm32cubeide/plugins/com.st.stm32cube.ide.mcu.externaltools.gnu-tools-for-stm32.10.3-2021.10.win32_1.0.0.202111181127/tools/bin/../lib/gcc/arm-none-eabi/10.3.1/thumb/v7e-m+fp/hard/crtn.o
OUTPUT(NITI_TestTask.elf elf32-littlearm)
LOAD linker stubs
LOAD g:/st/stm32cubeide_1.9.0/stm32cubeide/plugins/com.st.stm32cube.ide.mcu.externaltools.gnu-tools-for-stm32.10.3-2021.10.win32_1.0.0.202111181127/tools/bin/../lib/gcc/arm-none-eabi/10.3.1/../../../../arm-none-eabi/lib/thumb/v7e-m+fp/hard\libc.a
LOAD g:/st/stm32cubeide_1.9.0/stm32cubeide/plugins/com.st.stm32cube.ide.mcu.externaltools.gnu-tools-for-stm32.10.3-2021.10.win32_1.0.0.202111181127/tools/bin/../lib/gcc/arm-none-eabi/10.3.1/../../../../arm-none-eabi/lib/thumb/v7e-m+fp/hard\libm.a
LOAD g:/st/stm32cubeide_1.9.0/stm32cubeide/plugins/com.st.stm32cube.ide.mcu.externaltools.gnu-tools-for-stm32.10.3-2021.10.win32_1.0.0.202111181127/tools/bin/../lib/gcc/arm-none-eabi/10.3.1/thumb/v7e-m+fp/hard\libgcc.a

.debug_info     0x0000000000000000    0x18cc4
 .debug_info    0x0000000000000000       0xa6 ./Core/Src/freertos.o
 .debug_info    0x00000000000000a6     0x1a0d ./Core/Src/main.o
 .debug_info    0x0000000000001ab3      0xf91 ./Core/Src/stm32f4xx_hal_msp.o
 .debug_info    0x0000000000002a44      0xa1e ./Core/Src/stm32f4xx_it.o
 .debug_info    0x0000000000003462      0x54f ./Core/Src/system_stm32f4xx.o
 .debug_info    0x00000000000039b1       0x22 ./Core/Startup/startup_stm32f401ccux.o
 .debug_info    0x00000000000039d3      0x906 ./Drivers/STM32F4xx_HAL_Driver/Src/stm32f4xx_hal.o
 .debug_info    0x00000000000042d9      0xd85 ./Drivers/STM32F4xx_HAL_Driver/Src/stm32f4xx_hal_cortex.o
 .debug_info    0x000000000000505e      0x947 ./Drivers/STM32F4xx_HAL_Driver/Src/stm32f4xx_hal_dma.o
 .debug_info    0x00000000000059a5      0x78e ./Drivers/STM32F4xx_HAL_Driver/Src/stm32f4xx_hal_gpio.o
 .debug_info    0x0000000000006133      0x98c ./Drivers/STM32F4xx_HAL_Driver/Src/stm32f4xx_hal_rcc.o
 .debug_info    0x0000000000006abf     0x2bb6 ./Drivers/STM32F4xx_HAL_Driver/Src/stm32f4xx_hal_tim.o
 .debug_info    0x0000000000009675     0x15d8 ./Drivers/STM32F4xx_HAL_Driver/Src/stm32f4xx_hal_tim_ex.o
 .debug_info    0x000000000000ac4d     0x31b4 ./Drivers/STM32F4xx_HAL_Driver/Src/stm32f4xx_hal_uart.o
 .debug_info    0x000000000000de01      0x4ad ./Libs/UProto/Src/ulist.o
 .debug_info    0x000000000000e2ae      0xb76 ./Libs/UProto/Src/uproto.o
 .debug_info    0x000000000000ee24     0x3b9c ./Middlewares/Third_Party/FreeRTOS/Source/CMSIS_RTOS_V2/cmsis_os2.o
 .debug_info    0x00000000000129c0      0x2d1 ./Middlewares/Third_Party/FreeRTOS/Source/list.o
 .debug_info    0x0000000000012c91     0x1cbf ./Middlewares/Third_Party/FreeRTOS/Source/queue.o
 .debug_info    0x0000000000014950     0x23d4 ./Middlewares/Third_Party/FreeRTOS/Source/tasks.o
 .debug_info    0x0000000000016d24     0x158e ./Middlewares/Third_Party/FreeRTOS/Source/timers.o
 .debug_info    0x00000000000182b2      0x507 ./Middlewares/Third_Party/FreeRTOS/Source/portable/GCC/ARM_CM4F/port.o
 .debug_info    0x00000000000187b9      0x50b ./Middlewares/Third_Party/FreeRTOS/Source/portable/MemMang/heap_4.o

.debug_abbrev   0x0000000000000000     0x34c5
 .debug_abbrev  0x0000000000000000       0x63 ./Core/Src/freertos.o
 .debug_abbrev  0x0000000000000063      0x326 ./Core/Src/main.o
 .debug_abbrev  0x0000000000000389      0x209 ./Core/Src/stm32f4xx_hal_msp.o
 .debug_abbrev  0x0000000000000592      0x1b1 ./Core/Src/stm32f4xx_it.o
 .debug_abbrev  0x0000000000000743      0x116 ./Core/Src/system_stm32f4xx.o
 .debug_abbrev  0x0000000000000859       0x12 ./Core/Startup/startup_stm32f401ccux.o
 .debug_abbrev  0x000000000000086b      0x23e ./Drivers/STM32F4xx_HAL_Driver/Src/stm32f4xx_hal.o
 .debug_abbrev  0x0000000000000aa9      0x316 ./Drivers/STM32F4xx_HAL_Driver/Src/stm32f4xx_hal_cortex.o
 .debug_abbrev  0x0000000000000dbf      0x21b ./Drivers/STM32F4xx_HAL_Driver/Src/stm32f4xx_hal_dma.o
 .debug_abbrev  0x0000000000000fda      0x1c4 ./Drivers/STM32F4xx_HAL_Driver/Src/stm32f4xx_hal_gpio.o
 .debug_abbrev  0x000000000000119e      0x2aa ./Drivers/STM32F4xx_HAL_Driver/Src/stm32f4xx_hal_rcc.o
 .debug_abbrev  0x0000000000001448      0x26e ./Drivers/STM32F4xx_HAL_Driver/Src/stm32f4xx_hal_tim.o
 .debug_abbrev  0x00000000000016b6      0x276 ./Drivers/STM32F4xx_HAL_Driver/Src/stm32f4xx_hal_tim_ex.o
 .debug_abbrev  0x000000000000192c      0x305 ./Drivers/STM32F4xx_HAL_Driver/Src/stm32f4xx_hal_uart.o
 .debug_abbrev  0x0000000000001c31      0x195 ./Libs/UProto/Src/ulist.o
 .debug_abbrev  0x0000000000001dc6      0x258 ./Libs/UProto/Src/uproto.o
 .debug_abbrev  0x000000000000201e      0x4e6 ./Middlewares/Third_Party/FreeRTOS/Source/CMSIS_RTOS_V2/cmsis_os2.o
 .debug_abbrev  0x0000000000002504       0xf2 ./Middlewares/Third_Party/FreeRTOS/Source/list.o
 .debug_abbrev  0x00000000000025f6      0x3a1 ./Middlewares/Third_Party/FreeRTOS/Source/queue.o
 .debug_abbrev  0x0000000000002997      0x37d ./Middlewares/Third_Party/FreeRTOS/Source/tasks.o
 .debug_abbrev  0x0000000000002d14      0x346 ./Middlewares/Third_Party/FreeRTOS/Source/timers.o
 .debug_abbrev  0x000000000000305a      0x259 ./Middlewares/Third_Party/FreeRTOS/Source/portable/GCC/ARM_CM4F/port.o
 .debug_abbrev  0x00000000000032b3      0x212 ./Middlewares/Third_Party/FreeRTOS/Source/portable/MemMang/heap_4.o

.debug_aranges  0x0000000000000000     0x1548
 .debug_aranges
                0x0000000000000000       0x28 ./Core/Src/freertos.o
 .debug_aranges
                0x0000000000000028       0x88 ./Core/Src/main.o
 .debug_aranges
                0x00000000000000b0       0x40 ./Core/Src/stm32f4xx_hal_msp.o
 .debug_aranges
                0x00000000000000f0       0x68 ./Core/Src/stm32f4xx_it.o
 .debug_aranges
                0x0000000000000158       0x28 ./Core/Src/system_stm32f4xx.o
 .debug_aranges
                0x0000000000000180       0x28 ./Core/Startup/startup_stm32f401ccux.o
 .debug_aranges
                0x00000000000001a8       0xf0 ./Drivers/STM32F4xx_HAL_Driver/Src/stm32f4xx_hal.o
 .debug_aranges
                0x0000000000000298      0x118 ./Drivers/STM32F4xx_HAL_Driver/Src/stm32f4xx_hal_cortex.o
 .debug_aranges
                0x00000000000003b0       0x90 ./Drivers/STM32F4xx_HAL_Driver/Src/stm32f4xx_hal_dma.o
 .debug_aranges
                0x0000000000000440       0x58 ./Drivers/STM32F4xx_HAL_Driver/Src/stm32f4xx_hal_gpio.o
 .debug_aranges
                0x0000000000000498       0x88 ./Drivers/STM32F4xx_HAL_Driver/Src/stm32f4xx_hal_rcc.o
 .debug_aranges
                0x0000000000000520      0x3d0 ./Drivers/STM32F4xx_HAL_Driver/Src/stm32f4xx_hal_tim.o
 .debug_aranges
                0x00000000000008f0      0x168 ./Drivers/STM32F4xx_HAL_Driver/Src/stm32f4xx_hal_tim_ex.o
 .debug_aranges
                0x0000000000000a58      0x200 ./Drivers/STM32F4xx_HAL_Driver/Src/stm32f4xx_hal_uart.o
 .debug_aranges
                0x0000000000000c58       0x78 ./Libs/UProto/Src/ulist.o
 .debug_aranges
                0x0000000000000cd0       0x68 ./Libs/UProto/Src/uproto.o
 .debug_aranges
                0x0000000000000d38      0x2a8 ./Middlewares/Third_Party/FreeRTOS/Source/CMSIS_RTOS_V2/cmsis_os2.o
 .debug_aranges
                0x0000000000000fe0       0x40 ./Middlewares/Third_Party/FreeRTOS/Source/list.o
 .debug_aranges
                0x0000000000001020      0x158 ./Middlewares/Third_Party/FreeRTOS/Source/queue.o
 .debug_aranges
                0x0000000000001178      0x208 ./Middlewares/Third_Party/FreeRTOS/Source/tasks.o
 .debug_aranges
                0x0000000000001380       0xf0 ./Middlewares/Third_Party/FreeRTOS/Source/timers.o
 .debug_aranges
                0x0000000000001470       0x80 ./Middlewares/Third_Party/FreeRTOS/Source/portable/GCC/ARM_CM4F/port.o
 .debug_aranges
                0x00000000000014f0       0x58 ./Middlewares/Third_Party/FreeRTOS/Source/portable/MemMang/heap_4.o

.debug_ranges   0x0000000000000000     0x1410
 .debug_ranges  0x0000000000000000       0x18 ./Core/Src/freertos.o
 .debug_ranges  0x0000000000000018       0x78 ./Core/Src/main.o
 .debug_ranges  0x0000000000000090       0x30 ./Core/Src/stm32f4xx_hal_msp.o
 .debug_ranges  0x00000000000000c0       0x58 ./Core/Src/stm32f4xx_it.o
 .debug_ranges  0x0000000000000118       0x18 ./Core/Src/system_stm32f4xx.o
 .debug_ranges  0x0000000000000130       0x20 ./Core/Startup/startup_stm32f401ccux.o
 .debug_ranges  0x0000000000000150       0xe0 ./Drivers/STM32F4xx_HAL_Driver/Src/stm32f4xx_hal.o
 .debug_ranges  0x0000000000000230      0x108 ./Drivers/STM32F4xx_HAL_Driver/Src/stm32f4xx_hal_cortex.o
 .debug_ranges  0x0000000000000338       0x80 ./Drivers/STM32F4xx_HAL_Driver/Src/stm32f4xx_hal_dma.o
 .debug_ranges  0x00000000000003b8       0x48 ./Drivers/STM32F4xx_HAL_Driver/Src/stm32f4xx_hal_gpio.o
 .debug_ranges  0x0000000000000400       0x78 ./Drivers/STM32F4xx_HAL_Driver/Src/stm32f4xx_hal_rcc.o
 .debug_ranges  0x0000000000000478      0x3c0 ./Drivers/STM32F4xx_HAL_Driver/Src/stm32f4xx_hal_tim.o
 .debug_ranges  0x0000000000000838      0x158 ./Drivers/STM32F4xx_HAL_Driver/Src/stm32f4xx_hal_tim_ex.o
 .debug_ranges  0x0000000000000990      0x220 ./Drivers/STM32F4xx_HAL_Driver/Src/stm32f4xx_hal_uart.o
 .debug_ranges  0x0000000000000bb0       0x68 ./Libs/UProto/Src/ulist.o
 .debug_ranges  0x0000000000000c18       0x58 ./Libs/UProto/Src/uproto.o
 .debug_ranges  0x0000000000000c70      0x298 ./Middlewares/Third_Party/FreeRTOS/Source/CMSIS_RTOS_V2/cmsis_os2.o
 .debug_ranges  0x0000000000000f08       0x30 ./Middlewares/Third_Party/FreeRTOS/Source/list.o
 .debug_ranges  0x0000000000000f38      0x148 ./Middlewares/Third_Party/FreeRTOS/Source/queue.o
 .debug_ranges  0x0000000000001080      0x1f8 ./Middlewares/Third_Party/FreeRTOS/Source/tasks.o
 .debug_ranges  0x0000000000001278       0xe0 ./Middlewares/Third_Party/FreeRTOS/Source/timers.o
 .debug_ranges  0x0000000000001358       0x70 ./Middlewares/Third_Party/FreeRTOS/Source/portable/GCC/ARM_CM4F/port.o
 .debug_ranges  0x00000000000013c8       0x48 ./Middlewares/Third_Party/FreeRTOS/Source/portable/MemMang/heap_4.o

.debug_macro    0x0000000000000000    0x1879b
 .debug_macro   0x0000000000000000      0x245 ./Core/Src/freertos.o
 .debug_macro   0x0000000000000245      0xa78 ./Core/Src/freertos.o
 .debug_macro   0x0000000000000cbd      0x174 ./Core/Src/freertos.o
 .debug_macro   0x0000000000000e31       0x22 ./Core/Src/freertos.o
 .debug_macro   0x0000000000000e53       0x8e ./Core/Src/freertos.o
 .debug_macro   0x0000000000000ee1       0x51 ./Core/Src/freertos.o
 .debug_macro   0x0000000000000f32      0x103 ./Core/Src/freertos.o
 .debug_macro   0x0000000000001035       0x6a ./Core/Src/freertos.o
 .debug_macro   0x000000000000109f      0x1df ./Core/Src/freertos.o
 .debug_macro   0x000000000000127e      0x184 ./Core/Src/freertos.o
 .debug_macro   0x0000000000001402      0x15a ./Core/Src/freertos.o
 .debug_macro   0x000000000000155c       0xc9 ./Core/Src/freertos.o
 .debug_macro   0x0000000000001625       0x1c ./Core/Src/freertos.o
 .debug_macro   0x0000000000001641       0x26 ./Core/Src/freertos.o
 .debug_macro   0x0000000000001667      0x4b0 ./Core/Src/freertos.o
 .debug_macro   0x0000000000001b17       0xb5 ./Core/Src/freertos.o
 .debug_macro   0x0000000000001bcc       0xaa ./Core/Src/freertos.o
 .debug_macro   0x0000000000001c76      0x29b ./Core/Src/freertos.o
 .debug_macro   0x0000000000001f11       0x2e ./Core/Src/freertos.o
 .debug_macro   0x0000000000001f3f       0x28 ./Core/Src/freertos.o
 .debug_macro   0x0000000000001f67       0x1c ./Core/Src/freertos.o
 .debug_macro   0x0000000000001f83       0x22 ./Core/Src/freertos.o
 .debug_macro   0x0000000000001fa5       0xd9 ./Core/Src/freertos.o
 .debug_macro   0x000000000000207e     0x102d ./Core/Src/freertos.o
 .debug_macro   0x00000000000030ab      0x11f ./Core/Src/freertos.o
 .debug_macro   0x00000000000031ca     0xb86c ./Core/Src/freertos.o
 .debug_macro   0x000000000000ea36       0x6d ./Core/Src/freertos.o
 .debug_macro   0x000000000000eaa3     0x367e ./Core/Src/freertos.o
 .debug_macro   0x0000000000012121       0x5c ./Core/Src/freertos.o
 .debug_macro   0x000000000001217d      0x416 ./Core/Src/freertos.o
 .debug_macro   0x0000000000012593      0x9fe ./Core/Src/freertos.o
 .debug_macro   0x0000000000012f91      0x115 ./Core/Src/freertos.o
 .debug_macro   0x00000000000130a6       0xf8 ./Core/Src/freertos.o
 .debug_macro   0x000000000001319e       0xa5 ./Core/Src/freertos.o
 .debug_macro   0x0000000000013243      0x15f ./Core/Src/freertos.o
 .debug_macro   0x00000000000133a2      0x287 ./Core/Src/freertos.o
 .debug_macro   0x0000000000013629       0x5f ./Core/Src/freertos.o
 .debug_macro   0x0000000000013688      0x236 ./Core/Src/freertos.o
 .debug_macro   0x00000000000138be      0x132 ./Core/Src/freertos.o
 .debug_macro   0x00000000000139f0      0x23a ./Core/Src/freertos.o
 .debug_macro   0x0000000000013c2a       0x2e ./Core/Src/freertos.o
 .debug_macro   0x0000000000013c58      0x11a ./Core/Src/freertos.o
 .debug_macro   0x0000000000013d72       0x85 ./Core/Src/freertos.o
 .debug_macro   0x0000000000013df7       0x89 ./Core/Src/freertos.o
 .debug_macro   0x0000000000013e80      0x8e6 ./Core/Src/freertos.o
 .debug_macro   0x0000000000014766       0x47 ./Core/Src/freertos.o
 .debug_macro   0x00000000000147ad      0x295 ./Core/Src/freertos.o
 .debug_macro   0x0000000000014a42      0x126 ./Core/Src/freertos.o
 .debug_macro   0x0000000000014b68       0x1c ./Core/Src/freertos.o
 .debug_macro   0x0000000000014b84      0x396 ./Core/Src/main.o
 .debug_macro   0x0000000000014f1a      0x184 ./Core/Src/main.o
 .debug_macro   0x000000000001509e       0x66 ./Core/Src/main.o
 .debug_macro   0x0000000000015104       0x74 ./Core/Src/main.o
 .debug_macro   0x0000000000015178       0xdd ./Core/Src/main.o
 .debug_macro   0x0000000000015255       0x52 ./Core/Src/main.o
 .debug_macro   0x00000000000152a7       0x1e ./Core/Src/main.o
 .debug_macro   0x00000000000152c5       0x3c ./Core/Src/main.o
 .debug_macro   0x0000000000015301       0x34 ./Core/Src/main.o
 .debug_macro   0x0000000000015335       0x16 ./Core/Src/main.o
 .debug_macro   0x000000000001534b       0x43 ./Core/Src/main.o
 .debug_macro   0x000000000001538e       0x34 ./Core/Src/main.o
 .debug_macro   0x00000000000153c2       0x10 ./Core/Src/main.o
 .debug_macro   0x00000000000153d2       0x58 ./Core/Src/main.o
 .debug_macro   0x000000000001542a       0x71 ./Core/Src/main.o
 .debug_macro   0x000000000001549b       0x1c ./Core/Src/main.o
 .debug_macro   0x00000000000154b7      0x12a ./Core/Src/main.o
 .debug_macro   0x00000000000155e1      0x341 ./Core/Src/main.o
 .debug_macro   0x0000000000015922       0x10 ./Core/Src/main.o
 .debug_macro   0x0000000000015932       0x35 ./Core/Src/main.o
 .debug_macro   0x0000000000015967       0x20 ./Core/Src/main.o
 .debug_macro   0x0000000000015987       0x87 ./Core/Src/main.o
 .debug_macro   0x0000000000015a0e       0x16 ./Core/Src/main.o
 .debug_macro   0x0000000000015a24       0x16 ./Core/Src/main.o
 .debug_macro   0x0000000000015a3a       0x29 ./Core/Src/main.o
 .debug_macro   0x0000000000015a63      0x1dd ./Core/Src/stm32f4xx_hal_msp.o
 .debug_macro   0x0000000000015c40      0x24f ./Core/Src/stm32f4xx_it.o
 .debug_macro   0x0000000000015e8f      0x1ce ./Core/Src/system_stm32f4xx.o
 .debug_macro   0x000000000001605d      0x22e ./Drivers/STM32F4xx_HAL_Driver/Src/stm32f4xx_hal.o
 .debug_macro   0x000000000001628b      0x1ce ./Drivers/STM32F4xx_HAL_Driver/Src/stm32f4xx_hal_cortex.o
 .debug_macro   0x0000000000016459      0x1d4 ./Drivers/STM32F4xx_HAL_Driver/Src/stm32f4xx_hal_dma.o
 .debug_macro   0x000000000001662d      0x1d4 ./Drivers/STM32F4xx_HAL_Driver/Src/stm32f4xx_hal_gpio.o
 .debug_macro   0x0000000000016801      0x1f2 ./Drivers/STM32F4xx_HAL_Driver/Src/stm32f4xx_hal_rcc.o
 .debug_macro   0x00000000000169f3      0x1cf ./Drivers/STM32F4xx_HAL_Driver/Src/stm32f4xx_hal_tim.o
 .debug_macro   0x0000000000016bc2      0x1ce ./Drivers/STM32F4xx_HAL_Driver/Src/stm32f4xx_hal_tim_ex.o
 .debug_macro   0x0000000000016d90      0x1cf ./Drivers/STM32F4xx_HAL_Driver/Src/stm32f4xx_hal_uart.o
 .debug_macro   0x0000000000016f5f      0x1fd ./Libs/UProto/Src/ulist.o
 .debug_macro   0x000000000001715c       0x10 ./Libs/UProto/Src/ulist.o
 .debug_macro   0x000000000001716c       0x16 ./Libs/UProto/Src/ulist.o
 .debug_macro   0x0000000000017182      0x36e ./Libs/UProto/Src/uproto.o
 .debug_macro   0x00000000000174f0      0x3c5 ./Middlewares/Third_Party/FreeRTOS/Source/CMSIS_RTOS_V2/cmsis_os2.o
 .debug_macro   0x00000000000178b5       0xd3 ./Middlewares/Third_Party/FreeRTOS/Source/CMSIS_RTOS_V2/cmsis_os2.o
 .debug_macro   0x0000000000017988       0x91 ./Middlewares/Third_Party/FreeRTOS/Source/CMSIS_RTOS_V2/cmsis_os2.o
 .debug_macro   0x0000000000017a19       0x8d ./Middlewares/Third_Party/FreeRTOS/Source/CMSIS_RTOS_V2/cmsis_os2.o
 .debug_macro   0x0000000000017aa6       0x9a ./Middlewares/Third_Party/FreeRTOS/Source/CMSIS_RTOS_V2/cmsis_os2.o
 .debug_macro   0x0000000000017b40       0x22 ./Middlewares/Third_Party/FreeRTOS/Source/CMSIS_RTOS_V2/cmsis_os2.o
 .debug_macro   0x0000000000017b62       0x56 ./Middlewares/Third_Party/FreeRTOS/Source/CMSIS_RTOS_V2/cmsis_os2.o
 .debug_macro   0x0000000000017bb8      0x187 ./Middlewares/Third_Party/FreeRTOS/Source/list.o
 .debug_macro   0x0000000000017d3f      0x216 ./Middlewares/Third_Party/FreeRTOS/Source/queue.o
 .debug_macro   0x0000000000017f55      0x27f ./Middlewares/Third_Party/FreeRTOS/Source/tasks.o
 .debug_macro   0x00000000000181d4       0x10 ./Middlewares/Third_Party/FreeRTOS/Source/tasks.o
 .debug_macro   0x00000000000181e4      0x1dc ./Middlewares/Third_Party/FreeRTOS/Source/timers.o
 .debug_macro   0x00000000000183c0       0x97 ./Middlewares/Third_Party/FreeRTOS/Source/timers.o
 .debug_macro   0x0000000000018457      0x196 ./Middlewares/Third_Party/FreeRTOS/Source/portable/GCC/ARM_CM4F/port.o
 .debug_macro   0x00000000000185ed      0x1ae ./Middlewares/Third_Party/FreeRTOS/Source/portable/MemMang/heap_4.o

.debug_line     0x0000000000000000    0x172cf
 .debug_line    0x0000000000000000      0x7c3 ./Core/Src/freertos.o
 .debug_line    0x00000000000007c3      0xc49 ./Core/Src/main.o
 .debug_line    0x000000000000140c      0x76b ./Core/Src/stm32f4xx_hal_msp.o
 .debug_line    0x0000000000001b77      0x8ab ./Core/Src/stm32f4xx_it.o
 .debug_line    0x0000000000002422      0x739 ./Core/Src/system_stm32f4xx.o
 .debug_line    0x0000000000002b5b       0x88 ./Core/Startup/startup_stm32f401ccux.o
 .debug_line    0x0000000000002be3      0x99f ./Drivers/STM32F4xx_HAL_Driver/Src/stm32f4xx_hal.o
 .debug_line    0x0000000000003582      0xc4e ./Drivers/STM32F4xx_HAL_Driver/Src/stm32f4xx_hal_cortex.o
 .debug_line    0x00000000000041d0      0xf03 ./Drivers/STM32F4xx_HAL_Driver/Src/stm32f4xx_hal_dma.o
 .debug_line    0x00000000000050d3      0xad7 ./Drivers/STM32F4xx_HAL_Driver/Src/stm32f4xx_hal_gpio.o
 .debug_line    0x0000000000005baa      0xd19 ./Drivers/STM32F4xx_HAL_Driver/Src/stm32f4xx_hal_rcc.o
 .debug_line    0x00000000000068c3     0x346d ./Drivers/STM32F4xx_HAL_Driver/Src/stm32f4xx_hal_tim.o
 .debug_line    0x0000000000009d30     0x1937 ./Drivers/STM32F4xx_HAL_Driver/Src/stm32f4xx_hal_tim_ex.o
 .debug_line    0x000000000000b667     0x2a44 ./Drivers/STM32F4xx_HAL_Driver/Src/stm32f4xx_hal_uart.o
 .debug_line    0x000000000000e0ab      0x901 ./Libs/UProto/Src/ulist.o
 .debug_line    0x000000000000e9ac      0xc1d ./Libs/UProto/Src/uproto.o
 .debug_line    0x000000000000f5c9     0x238d ./Middlewares/Third_Party/FreeRTOS/Source/CMSIS_RTOS_V2/cmsis_os2.o
 .debug_line    0x0000000000011956      0x6f8 ./Middlewares/Third_Party/FreeRTOS/Source/list.o
 .debug_line    0x000000000001204e     0x16c2 ./Middlewares/Third_Party/FreeRTOS/Source/queue.o
 .debug_line    0x0000000000013710     0x1da5 ./Middlewares/Third_Party/FreeRTOS/Source/tasks.o
 .debug_line    0x00000000000154b5      0xd58 ./Middlewares/Third_Party/FreeRTOS/Source/timers.o
 .debug_line    0x000000000001620d      0x7a0 ./Middlewares/Third_Party/FreeRTOS/Source/portable/GCC/ARM_CM4F/port.o
 .debug_line    0x00000000000169ad      0x922 ./Middlewares/Third_Party/FreeRTOS/Source/portable/MemMang/heap_4.o

.debug_str      0x0000000000000000    0x96ee5
 .debug_str     0x0000000000000000    0x89813 ./Core/Src/freertos.o
                                      0x89ab6 (size before relaxing)
 .debug_str     0x0000000000089813     0x58a0 ./Core/Src/main.o
                                      0x8f462 (size before relaxing)
 .debug_str     0x000000000008f0b3       0xc6 ./Core/Src/stm32f4xx_hal_msp.o
                                      0x86a04 (size before relaxing)
 .debug_str     0x000000000008f179      0x156 ./Core/Src/stm32f4xx_it.o
                                      0x8a32b (size before relaxing)
 .debug_str     0x000000000008f2cf       0xdb ./Core/Src/system_stm32f4xx.o
                                      0x85e16 (size before relaxing)
 .debug_str     0x000000000008f3aa       0x36 ./Core/Startup/startup_stm32f401ccux.o
                                         0x6f (size before relaxing)
 .debug_str     0x000000000008f3e0      0x617 ./Drivers/STM32F4xx_HAL_Driver/Src/stm32f4xx_hal.o
                                      0x86838 (size before relaxing)
 .debug_str     0x000000000008f9f7      0x31d ./Drivers/STM32F4xx_HAL_Driver/Src/stm32f4xx_hal_cortex.o
                                      0x86559 (size before relaxing)
 .debug_str     0x000000000008fd14      0x2ee ./Drivers/STM32F4xx_HAL_Driver/Src/stm32f4xx_hal_dma.o
                                      0x8621e (size before relaxing)
 .debug_str     0x0000000000090002       0xfd ./Drivers/STM32F4xx_HAL_Driver/Src/stm32f4xx_hal_gpio.o
                                      0x85f91 (size before relaxing)
 .debug_str     0x00000000000900ff      0x233 ./Drivers/STM32F4xx_HAL_Driver/Src/stm32f4xx_hal_rcc.o
                                      0x8624a (size before relaxing)
 .debug_str     0x0000000000090332      0xdc6 ./Drivers/STM32F4xx_HAL_Driver/Src/stm32f4xx_hal_tim.o
                                      0x8717e (size before relaxing)
 .debug_str     0x00000000000910f8      0x493 ./Drivers/STM32F4xx_HAL_Driver/Src/stm32f4xx_hal_tim_ex.o
                                      0x8699a (size before relaxing)
 .debug_str     0x000000000009158b      0x5b9 ./Drivers/STM32F4xx_HAL_Driver/Src/stm32f4xx_hal_uart.o
                                      0x867d7 (size before relaxing)
 .debug_str     0x0000000000091b44       0xec ./Libs/UProto/Src/ulist.o
                                       0xb93a (size before relaxing)
 .debug_str     0x0000000000091c30       0x77 ./Libs/UProto/Src/uproto.o
                                      0x8dba7 (size before relaxing)
 .debug_str     0x0000000000091ca7     0x27ab ./Middlewares/Third_Party/FreeRTOS/Source/CMSIS_RTOS_V2/cmsis_os2.o
                                      0x905e5 (size before relaxing)
 .debug_str     0x0000000000094452      0x12d ./Middlewares/Third_Party/FreeRTOS/Source/list.o
                                       0xa6b4 (size before relaxing)
 .debug_str     0x000000000009457f      0x892 ./Middlewares/Third_Party/FreeRTOS/Source/queue.o
                                       0xc1f4 (size before relaxing)
 .debug_str     0x0000000000094e11     0x107e ./Middlewares/Third_Party/FreeRTOS/Source/tasks.o
                                       0xcd2a (size before relaxing)
 .debug_str     0x0000000000095e8f      0x5af ./Middlewares/Third_Party/FreeRTOS/Source/timers.o
                                       0xc739 (size before relaxing)
 .debug_str     0x000000000009643e      0x783 ./Middlewares/Third_Party/FreeRTOS/Source/portable/GCC/ARM_CM4F/port.o
                                       0x8625 (size before relaxing)
 .debug_str     0x0000000000096bc1      0x324 ./Middlewares/Third_Party/FreeRTOS/Source/portable/MemMang/heap_4.o
                                       0xaff6 (size before relaxing)

.comment        0x0000000000000000       0x50
 .comment       0x0000000000000000       0x50 ./Core/Src/freertos.o
                                         0x51 (size before relaxing)
 .comment       0x0000000000000050       0x51 ./Core/Src/main.o
 .comment       0x0000000000000050       0x51 ./Core/Src/stm32f4xx_hal_msp.o