../Core/Src/main.c:139:1:main	8	static
../Core/Src/main.c:239:1:SystemClock_Config	88	static
../Core/Src/main.c:289:1:MX_TIM1_Init	32	static
../Core/Src/main.c:338:1:MX_USART1_UART_Init	8	static
../Core/Src/main.c:370:1:MX_DMA_Init	16	static
../Core/Src/main.c:389:1:MX_GPIO_Init	40	static
../Core/Src/main.c:429:1:count_check_sum	24	static
../Core/Src/main.c:441:1:PingTask	32	static
../Core/Src/main.c:462:1:SendDataTask	32	static
../Core/Src/main.c:484:1:HandleDataTask	48	static
../Core/Src/main.c:511:1:HAL_UART_RxCpltCallback	32	static,ignoring_inline_asm
../Core/Src/main.c:534:1:HAL_UART_TxCpltCallback	16	static
../Core/Src/main.c:544:1:StartDefaultTask	16	static
../Core/Src/main.c:560:1:Error_Handler	4	static,ignoring_inline_asm
