../Core/Src/main.c:108:5:main	8	static
../Core/Src/main.c:199:6:SystemClock_Config	88	static
../Core/Src/main.c:246:13:MX_TIM1_Init	32	static
../Core/Src/main.c:292:13:MX_USART1_UART_Init	8	static
../Core/Src/main.c:323:13:MX_DMA_Init	16	static
../Core/Src/main.c:341:13:MX_GPIO_Init	40	static
../Core/Src/main.c:380:1:PingTask	24	static
../Core/Src/main.c:398:1:SendDataTask	16	static
../Core/Src/main.c:408:6:echo_cmd	24	static
../Core/Src/main.c:414:6:led_cmd	16	static
../Core/Src/main.c:422:1:HAL_UART_RxCpltCallback	16	static
../Core/Src/main.c:428:1:HAL_UART_TxCpltCallback	16	static
../Core/Src/main.c:434:6:StartDefaultTask	16	static
../Core/Src/main.c:450:6:Error_Handler	4	static,ignoring_inline_asm
